border_size=1
usage=map

Gll^Fp      , Gll^Fp      , Gll^Fp      , Gll^Fp      , Gll^Fp      , Gll^Fp      , Gg          , Ww          , Ww          , Ww          , Wo          , Wo          , Ww          , Ww          , Ss          , Ds          , Ds          , Ds          , Ds          , Ds          , Ds          , Ds          , Ss          , Ss          , Ds          , Ds          , Ds          , Ds          , Ds          , Ds          , Gg          , Gg          , Gll^Fp      , Gll^Fp      , Gg          , Gg          , Gg          , Gll^Fp      , Gll^Fp      
Gll^Fp      , Gll^Fp      , Gll^Fp      , Gll^Fp      , Gll^Fp      , Gll^Fp      , Gg          , Ww          , Ww          , Ww          , Wwr         , Ww          , Wo          , Ww          , Ww          , Ss          , Ds          , Ds          , Dd^Vdt      , Ds          , Ds          , Ds          , Ss          , Ss          , Ds          , Ds          , Ds          , Ds          , Ds          , Gg          , Gg^Ve       , Gg          , Gll^Fp      , Gg          , Gg          , Gll^Fp      , Gll^Fp      , Gll^Fp      , Gll^Fp      
Gll^Fp      , Gll^Fp      , Gll^Fp      , Gg^Ve       , Gll^Fp      , Gll^Fp      , Gll^Fp      , Gg          , Ww          , Ww          , Ww          , Wo          , Ww          , Ww          , Ww          , Ss          , Ds          , Ds          , Ds          , Ds          , Ds          , Ds          , Ds          , Ds          , Ds          , Ss          , Ss          , Ss          , Ss          , Gs          , Gg          , Gll^Fp      , Gll^Fp      , Gg          , Gg          , Gll^Fp      , Gll^Fp      , Gll^Fp      , Gg          
Gll^Fp      , Gll^Fmf     , Gll^Fp      , Gg          , Gll^Fp      , Gll^Fmf     , Gll^Fp      , Gg          , Ww          , Ww          , Ww          , 1 Ww        , Wwr         , Ww          , Ss          , Ss          , Ds          , Ds          , Ss          , Ss          , Ds          , Ds          , Ds          , Ds          , Ds          , Ss          , Ds          , Ss          , Ds          , Ss          , Gs          , Gg          , Gs          , Gs          , Gs          , Gg          , Gll^Fp      , Gll^Fp      , Gg          
Gll^Fp      , Gll^Fmf     , Gll^Fp      , Ss          , Ss          , Gll^Fp      , Ss          , Ss          , Gg          , Ww          , Ww          , Ww          , Wwr         , Ww          , Ww          , Ss          , Ss          , Ds          , Ds          , Ds          , Gs^Ft       , Gs^Ft       , Gg^Ve       , Ds          , Ds          , Ds          , Ds          , Ds          , Gs^Ft       , Gs          , Gll^Fp      , Gg          , Gs          , 4 Gs        , Gs          , Gg          , Gll^Fp      , Gll^Fp      , Gll^Fp      
Gll^Fp      , Gll^Fp      , Gll^Fp      , Gll^Fp      , Ss          , Gll^Fp      , Gll^Fp      , Gg          , Gg          , Ww          , Ww          , Ww          , Ww          , Ww          , Ww          , Ss          , Ss          , Ss          , Ds          , Ds          , Ds          , Gs^Ft       , Ggf         , Gs^Ft       , Ds          , Ds          , Gs^Ft       , Gs^Ft       , Ggf         , Gg          , Gg          , Gg          , Gg          , Ss          , Ss          , Ss          , Gll^Fp      , Gll^Fp      , Gll^Fp      
Gll^Fp      , Gg^Ve       , Gll^Fp      , Gll^Fp      , Ss          , Gll^Fp      , Gll^Fmf     , Gll^Fp      , Gg          , Ss          , Ww          , Wo          , Wo          , Wo          , Wo          , Ww          , Ww          , Ss          , Ss          , Ds          , Ds          , Gs^Ft       , Gs^Ft       , Gs^Ft       , Gs^Ft       , Ds          , Gs^Ft       , Gs^Ft       , Gll^Fp      , Gll^Fp      , Gll^Fp      , Gg          , Ss          , Ss          , Ss          , Ss          , Gll^Fp      , Gll^Fp      , Gll^Fp      
Gll^Fp      , Gll^Fp      , Gll^Fp      , Gll^Fp      , Ss          , Gll^Fp      , Gll^Fp      , Gll^Fp      , Ss          , Ss          , Ss          , Ww          , Ww          , Wo          , Ww          , Wo          , Ww          , Ss          , Ss          , Ds          , Ds          , Gs^Ft       , Ds          , Ds          , Gs^Ft       , Gs^Ft       , Ww          , Gs^Ft       , Gll^Fp      , Gll^Fp      , Gll^Fp      , Gg          , Gs          , Gs          , Ww          , Gll^Fp      , Gll^Fp      , Gll^Fp      , Gg          
Gll^Fp      , Gll^Fp      , Gll^Fp      , Ss          , Gll^Fp      , Gll^Fp      , Ss          , Ss          , Gll^Fp      , Ss          , Ss          , Ww          , Ww          , Wwr         , Wwr         , Ww          , Wo          , Ww          , Ss          , Ss          , Ss          , Ds          , Gg          , Gs^Ft       , Ss          , Ww          , Ww          , Gs^Ft       , Gg^Ve       , Gll^Fp      , Gll^Fmf     , Gg          , Gg          , Gs^Ft       , Ww          , Ww          , Gll^Fp      , Gg          , Gg          
Gll^Fp      , Gll^Fmf     , Gll^Fp      , Gll^Fp      , Gll^Fp      , Gg          , Gll^Fp      , Gll^Fp      , Gg^Ve       , Gll^Fp      , Gll^Fp      , Ss          , Ww          , Ww          , Ww          , Ww          , Ww          , Ww          , Ss          , Ss          , Gg          , Gg          , Gll^Fp      , Gll^Fp      , Ss          , Ss          , Ss          , Gs^Ft       , Gs^Ft       , Gll^Fp      , Gll^Fmf     , Gll^Fmf     , Gg          , Gs^Ft       , Gll^Fp      , Ss          , Gg          , Gll^Fp      , Gll^Fp      
Gll^Fp      , Gll^Fmf     , Gll^Fp      , Gll^Fp      , Gg          , Gg          , Gg          , Gg          , Gll^Fp      , Gll^Fp      , Ss          , Ss          , Ww          , Ww          , Wo          , Ww          , Wo          , Ww          , Ww          , Ss          , Gg          , Gg          , Gg          , Gll^Fp      , Gll^Fp      , Gll^Fp      , Ss          , Gs^Ft       , Ss          , Gll^Fp      , Gll^Fmf     , Gll^Fmf     , Gll^Fp      , Gg          , Gll^Fp      , Ss          , Gll^Fp      , Gg^Ve       , Gg          
Gll^Fp      , Gll^Fp      , Gll^Fp      , Gll^Fp      , Gg          , Gll^Fp      , Gll^Fp      , Gll^Fp      , Ss          , Ss          , Ww          , Ss          , Ww          , Ww          , Wo          , Wo          , Ww          , Wo          , Ww          , Ss          , Ss          , Gg          , Gg          , Gll^Fp      , Gg          , Ss          , Gll^Fp      , Ss          , Gll^Fp      , Gll^Fp      , Gg          , Gll^Fp      , Gg          , Gg          , Ss          , Ss          , Gll^Fp      , Gg          , Gg          
Gll^Fp      , Gll^Fp      , Gg^Ve       , Gll^Fp      , Gg          , Gll^Fp      , Gll^Fp      , Ss          , Ww          , Ww          , Ss          , Ww          , Ss          , Ww          , Ww          , Wo          , Wwr         , Ww          , Ww          , Ss          , Ss          , Gg          , Gg          , Gg          , Gll^Fp      , Gll^Fp      , Gll^Fp      , Ss          , Gll^Fp      , Gg          , Gll^Fp      , Gg          , Gll^Fp      , Gll^Fp      , Ss          , Gll^Fp      , Gg          , Gg          , Gg          
Gll^Fp      , Gll^Fp      , Gll^Fp      , Gg          , Ss          , Gg          , Ss          , Ss          , Ww          , Cv          , Gll^Fp      , Gll^Fp      , Ss          , Ww          , Ww          , Wwr         , Wwr         , Ww          , Ww          , Ss          , Gg          , Gg          , Gg          , Gll^Fp      , Gll^Fp      , Gll^Fp      , Gg          , Gll^Fp      , Gll^Fp      , Gll^Fmf     , Gll^Fp      , Gll^Fp      , Ss          , Ss          , Gll^Fp      , Gll^Fp      , Gg          , Gll^Fp      , Gll^Fp      
Gg          , Gll^Fp      , Gll^Fp      , Ss          , Gll^Fp      , Gg          , Gg          , Ss          , Cv          , Cv          , Gll^Fp      , Gll^Fp      , Ss          , Ww          , Ww          , Ww          , Ww          , Wo          , Ww^Bsb/     , Ww^Bsb/     , Ss          , Gg          , Ss          , Gg          , Gg          , Gg          , Gll^Fp      , Gg          , Cv          , Cv          , Cv          , Gll^Fp      , Gll^Fp      , Ss          , Ww          , Gg          , Gll^Fp      , Gll^Fp      , Gll^Fp      
Gg          , Gll^Fp      , Gll^Fp      , Gll^Fp      , Gll^Fp      , Gll^Fp      , Gll^Fp      , Gg          , Gg          , Gll^Fp      , Gll^Fp      , Gll^Fp      , Ss          , Wwf         , Wwf         , Wwf         , Ww^Bsb/     , Wo^Bsb/     , Wwr         , Ww          , Ww          , Ss          , Ss          , Ss          , Gg          , Gll^Fp      , Ggf         , Gg          , Cv          , 3 Kv        , Cv          , Gll^Fp      , Gll^Fp      , Gll^Fp      , Ww          , Gg          , Gll^Fp      , Gll^Fp      , Gll^Fp      
Gll^Fp      , Gll^Fp      , Gll^Fmf     , Gll^Fp      , Gll^Fp      , Gll^Fp      , Gll^Fp      , Gll^Fp      , Gll^Fp      , Gg          , Gg          , Gll^Fp      , Gg          , Gg          , Ww^Bsb/     , Wo^Bsb/     , Ww          , Ww          , Wwr         , Ww          , Wo          , Ww          , Ss          , Gg          , Gg          , Gll^Fp      , Gll^Fp      , Gll^Fp      , Gll^Fp      , Cv          , Gg          , Gg          , Ggf         , Gg          , Gll^Fp      , Ww          , Gll^Fp      , Gll^Fp      , Gll^Fp      
Gll^Fp      , Gll^Fp      , Gll^Fmf     , Gll^Fp      , Gll^Fp      , Gll^Fp      , Gll^Fp      , Gll^Fp      , Gll^Fp      , Gll^Fp      , Gll^Fp      , Gg          , Gg          , Gg          , Gg          , Wwf         , Ww          , Ww          , Wo          , Wo          , Wo          , Ww          , Ww          , Ss          , Gg          , Gll^Fp      , Gll^Fp      , Gll^Fp      , Gll^Fp      , Gll^Fp      , Gll^Fp      , Gg          , Ww          , Gll^Fp      , Ww          , Ww          , Gll^Fp      , Gll^Fp      , Gll^Fp      
Gll^Fp      , Gll^Fp      , Gll^Fp      , Gll^Fp      , Cv          , Gll^Fp      , Gg          , Gll^Fp      , Gll^Fp      , Gll^Fp      , Gg          , Gg          , Gll^Fp      , Gg          , Gg          , Wwf         , Ww          , Ww          , Ww          , Wo          , Ww          , Ww          , Ww          , Gg          , Gg          , Gg          , Gll^Fp      , Ss          , Ss          , Ss          , Ww          , Ww^Bw|      , Gll^Fp      , Ww          , Gll^Fmf     , Gll^Fp      , Gg^Ve       , Gll^Fp      , Gll^Fp      
Gll^Fp      , Gll^Fp      , Gll^Fp      , Cv          , 2 Kv        , Cv          , Gg          , Gll^Fp      , Gg          , Gg^Ve       , Gg          , Gll^Fp      , Gll^Fp      , Gll^Fp      , Gg          , Gg          , Gg          , Ww          , Ww          , Wo          , Wo          , Ww          , Ww          , Ww          , Ss          , Gg          , Ss          , Ss          , Gll^Fp      , Gll^Fp      , Gg          , Gg          , Gll^Fp      , Gll^Fp      , Gll^Fmf     , Gll^Fp      , Gll^Fp      , Gll^Fp      , Gll^Fp      
Gll^Fp      , Gll^Fp      , Gll^Fp      , Cv          , Cv          , Cv          , Gll^Fp      , Gg          , Gll^Fp      , Gg          , Gll^Fp      , Gll^Fp      , Gll^Fmf     , Gll^Fp      , Gll^Fp      , Gll^Fp      , Gg          , Ww          , Ww          , Ww          , Ww          , Wwr         , Ww          , Ww          , Ww          , Ss          , Gg          , Ss          , Ss          , Gll^Fp      , Gg^Ve       , Gll^Fp      , Gll^Fp      , Gll^Fmf     , Gll^Fmf     , Gll^Fmf     , Gll^Fp      , Gll^Fp      , Gll^Fp      
Gll^Fp      , Gll^Fp      , Gll^Fp      , Gll^Fp      , Gll^Fp      , Gll^Fp      , Gll^Fp      , Gll^Fp      , Gll^Fp      , Gll^Fp      , Gll^Fp      , Gll^Fmf     , Gll^Fmf     , Gll^Fp      , Gll^Fp      , Gll^Fp      , Gg          , Gg          , Ww          , Ww          , Ww          , Wwr         , Wwr         , Ww          , Ww          , Gg          , Gg          , Gg          , Ss          , Gll^Fp      , Gll^Fp      , Gll^Fp      , Gll^Fp      , Gll^Fmf     , Gll^Fp      , Gll^Fmf     , Gll^Fp      , Gll^Fp      , Gll^Fp      
Gll^Fp      , Gll^Fp      , Gll^Fp      , Gll^Fp      , Gll^Fp      , Gll^Fp      , Gll^Fp      , Gll^Fp      , Gll^Fp      , Gll^Fp      , Gll^Fp      , Gll^Fmf     , Gll^Fmf     , Gll^Fmf     , Gll^Fp      , Gll^Fp      , Gll^Fp      , Gg          , Gg          , Ww          , Ww          , Ww          , Wo          , Ww          , Wo          , Ww          , Ww          , Gg          , Gg          , Ss          , Ss          , Gll^Fp      , Wwt         , Gll^Fp      , Wwt         , Gll^Fp      , Gll^Fp      , Gll^Fp      , Gll^Fp      
Gll^Fp      , Gll^Fp      , Gll^Fp      , Gll^Fp      , Gll^Fp      , Gll^Fp      , Gll^Fp      , Gll^Fp      , Gll^Fp      , Gll^Fp      , Gll^Fp      , Gll^Fmf     , Gll^Fp      , Gll^Fmf     , Gll^Fp      , Gll^Fp      , Gll^Fp      , Gg          , Gg          , Ww          , Ww          , Ww          , Wo          , Wo          , Wo          , Ww          , Ww          , Ss          , Ss          , Gll^Fp      , Ss          , Gll^Fp      , Wwt         , Wwt         , Wwt         , Gll^Fp      , Ss          , Gll^Fp      , Ss          
Gll^Fp      , Gll^Fp      , Gll^Fp      , Gll^Fp      , Gll^Fp      , Gll^Fp      , Gll^Fp      , Ggf         , Ggf         , Ggf         , Gll^Fp      , Gll^Fp      , Gll^Fp      , Gll^Fp      , Gll^Fp      , Gll^Fp      , Gll^Fp      , Gll^Fp      , Gg          , Gg          , Ww          , Ww          , Ww          , Wo          , Wo          , Wo          , Ww          , Ww          , Gg          , Ss          , Gll^Fp      , Ss          , Gll^Fp      , Wwt         , Wwt         , Wwt         , Gll^Fp      , Ss          , Gll^Fp      
Gll^Fp      , Gll^Fp      , Gg^Ve       , Gll^Fp      , Gll^Fp      , Gll^Fp      , Gll^Fp      , Ggf         , Gll^Fp      , Gll^Fp      , Gll^Fp      , Gll^Fp      , Gll^Fp      , Gll^Fp      , Gg^Ve       , Gll^Fp      , Gll^Fp      , Gll^Fp      , Gll^Fp      , Gg          , Gg          , Ww          , Ww          , Wo          , Wo          , Wo          , Ww          , Ww          , Gg          , Gg          , Gg          , Gll^Fp      , Gll^Fp      , Gll^Fp      , Gll^Fp      , Gll^Fp      , Gll^Fp      , Gll^Fp      , Gll^Fp      
Gll^Fp      , Gll^Fp      , Gll^Fp      , Gll^Fp      , Gll^Fp      , Gll^Fp      , Gll^Fp      , Gll^Fp      , Gll^Fp      , Gll^Fp      , Gll^Fp      , Gll^Fp      , Gll^Fp      , Gll^Fp      , Gll^Fp      , Gll^Fp      , Gll^Fp      , Gll^Fp      , Gll^Fp      , Gg          , Gg          , Ww          , Ww          , Ww          , Wo          , Wo          , Ww          , Ww          , Ww          , Gg          , Gg          , Gll^Fp      , Gg          , Gll^Fp      , Gll^Fp      , Gg^Ve       , Gll^Fp      , Gll^Fp      , Gll^Fp      
Gll^Fp      , Gll^Fp      , Gll^Fp      , Gll^Fp      , Gll^Fp      , Gll^Fp      , Gll^Fp      , Gll^Fp      , Gll^Fp      , Gll^Fp      , Gll^Fp      , Gll^Fp      , Gll^Fp      , Gll^Fp      , Gll^Fp      , Gll^Fp      , Gll^Fp      , Gll^Fp      , Gll^Fp      , Gll^Fp      , Gg          , Ww          , Ww          , Ww          , Ww          , Wo          , Wo          , Ww          , Ww          , Gg          , Gg          , Gg          , Gll^Fp      , Gll^Fp      , Gg          , Gll^Fp      , Gll^Fp      , Gll^Fp      , Gll^Fp      
