border_size=1
usage=map

Ms          , Ms          , Ms          , Ms          , Ms          , Ms          , Ms          , Ms          , Ms          , Ms          , Ms          , Ms          , Ms          , Ms          , Ms          , Ms          , Ms          , Ms          , Ms          , Ms          , Ms          , Ms          , Ms          , Aa          , Aa          , Ha          , Ms          , Ms          , Aa^Fpa      
Md          , Ms          , Ha^Vhha     , Ha          , Md          , Mm          , Md          , Ms          , Ms          , Ms          , Ms          , Ms          , Ms          , Ms          , Md          , Md          , Md          , Md          , Md          , Ms          , Ha^Vhha     , Ms          , Ha          , Aa          , Aa          , Aa          , Ha^Fpa      , Ms          , Aa^Fpa      
Mm          , Ha          , Ha          , Ha          , Md          , Md          , Ha          , Ms          , Ha          , Ha          , Ha          , Aa^Voa      , Ha          , Hh          , Hh          , Hh          , Hh          , Hh          , Hh          , Hh          , Hh          , Ha          , Aa          , Aa          , Aa          , Aa          , Ha^Fpa      , Ha          , Aa^Fpa      
Wo          , Mm          , Mm          , Ha          , Mm          , Hh          , Hh          , Ha          , Hh          , Hh          , Ha          , Ha          , Hhd^Fmf     , Hh          , Gg          , Hh          , Gg          , Gg          , Gg          , Gs          , Gs          , Gs          , Gs          , Aa          , Ai          , Ha^Fpa      , Ai          , Ai          , Ai          
Mm          , Wo          , Mm          , Md          , Ha          , Mm          , Ce          , Ce          , Ce          , Hh          , Ms          , Hhd^Fmf     , Ss          , Hhd^Fmf     , Gs          , Gg          , Ss          , Ss          , Ha^Fpa      , Ss          , Ha^Fpa      , Ss          , Ss          , Ss          , Ai          , Ai          , Ha^Fpa      , Ha^Fpa      , Ms          
Mm          , Wo          , Wo          , Mm          , Ha          , Mm          , Ce          , 2 Ke        , Ce          , Ms          , Ha          , Hhd^Fmf     , Ss          , Ss          , Ss          , Ss          , Ha^Fpa      , Ha^Fpa      , Ms          , Ha^Fpa      , Ms          , Ha^Fpa      , Ha^Fpa      , Ss          , Ss          , Ha          , Ha^Vhha     , Ms          , Ms          
Mm          , Mm          , Wo          , Mm          , Hh^Fms      , Hh^Fms      , Hh^Fms      , Ce          , Hh^Fms      , Ha          , Ss          , Ss          , Ss          , Gs          , Ha^Fpa      , Ss          , Ss          , Ha^Fpa      , Ss          , Ha^Fpa      , Ha^Fpa      , Ha^Fpa      , Ai          , Ss          , Ce          , Ai          , Hh^Fp       , Ms          , Hh^Fp       
Mm          , Mm          , Mm          , Wo          , Hh^Fms      , Hh^Fms      , Hh^Fms      , Hh^Fms      , Ss          , Hh          , Ss          , Ss          , Gs          , Gs          , Ha^Fpa      , Ha^Fpa      , Ha^Fpa      , Ss          , Ss^Vhs      , Ss          , Aa          , Aa          , Ss          , Ce          , 3 Ke        , Ce          , Hh^Fp       , Hh^Fp       , Hh^Fp       
Mm^Xm       , Mm          , Hh          , Wo          , Wo          , Hh^Fms      , Hh^Fms      , Ss          , Hh          , Ss          , Ss          , Gs          , Ss          , Ha^Fpa      , Ms          , Ms          , Ms          , Ss          , Ss          , Ss          , Ss          , Ai          , Ss          , Ce          , Ce          , Ce          , Mm          , Hh          , Hh^Fp       
Ms          , Mm          , Mm          , Hh^Vhh      , Hh          , Wo          , Ss          , Ss          , Ms          , Hh          , Ss          , Gs          , Ss          , Ha^Fpa      , Ms          , Ms^Xm       , Ms^Xm       , Ms          , Ha          , Ss          , Hh^Fp       , Ss          , Aa          , Aa          , Ha^Fpa      , Ha^Fpa      , Ai          , Mm          , Hh^Fp       
Ms^Xm       , Ms          , Ms          , Mm          , Mm          , Hh          , Mm          , Ha^Fpa      , Ms          , Hh          , Hh          , Gs          , Ss          , Hhd^Fmf     , Hhd^Fmf     , Ms          , Ms          , Ms^Xm       , Ms          , Ss          , Ss          , Hh^Fp       , Aa          , Aa          , Ai          , Ai          , Ss          , Hh^Fp       , Hh^Fp       
Mm          , Ms^Xm       , Ms^Xm       , Ms          , Ms          , Mm          , Mm          , Ha^Fpa      , Ha^Fpa      , Ms          , Hh^Fp       , Gs          , Gs          , Ss          , Gs          , Hhd^Fmf     , Ha^Fpa      , Ms          , Ms          , Ms          , Ss          , Hh^Fp       , Ss          , Ss          , Ss          , Ss          , Ai          , Ss          , Ai          
Hh          , Mm          , Mm          , Ms^Xm       , Ms^Xm       , Ms^Xm       , Ms          , Ha^Fpa      , Ha^Fpa      , Ha^Fpa      , Ha^Fpa      , Ss          , Hh          , Gs          , Ss          , Gs          , Gs          , Ha^Fpa      , Hh^Fp       , Hh^Fp       , Ss          , Gs          , Gs          , Ss          , Ai          , Ha^Fpa      , Ha^Vhha     , Ha^Fpa      , Ms          
Hh          , Mm          , Mm          , Mm          , Mm          , Ms^Xm       , Ms^Xm       , Ms          , Mm          , Mm          , Mm          , Ha^Fpa      , Ha^Vhha     , Hh          , Hh          , Ss          , Gs          , Ss          , Ss          , Ss          , Ss          , Ss          , Ss          , Aa          , Wog         , Aa          , Ha^Fpa      , Ms          , Ms          
Gs          , Hh          , Hh          , Mm          , Mm          , Mm          , Mm          , Ms^Xm       , Ms^Xm       , Ms^Xm       , Ms^Xm       , Mm          , Mm          , Mm          , Mm          , Hh          , Hh          , Gs          , Ss          , Ai          , Aa          , Ai          , Ha^Fpa      , Ss          , Ha^Fpa      , Wog         , Ha^Fpa      , Ha^Fpa      , Ms          
Gs          , Gs          , Gs          , Hh          , Mm          , Mm          , Mm          , Mm          , Mm          , Ms^Xm       , Mm          , Mm          , Md          , Mm          , Hh          , Hh          , Ss          , Gs          , Ss          , Aa          , Ha^Vhha     , Ha^Fpa      , Ms          , Ha^Fma      , Ha          , Wwg         , Wwg         , Ha          , Ms          
Gs          , Gs          , Gs          , Hh          , Hh          , Hh^Vhh      , Hh          , Mm          , Mm          , Mm          , Mm          , Md          , Hh          , Hh          , Ss          , Ss          , Gs          , Gs          , Ss          , Aa          , Ha^Fpa      , Ms          , Mm          , Mm          , Hh^Fp       , Hh^Fp       , Wwg         , Ai          , Ai          
Ss          , Gs          , Gs          , Gs          , Gs          , Gs          , Gs          , Hh          , Hh          , Mm          , Hh          , Hh          , Gs          , Gs          , Gs          , Gs          , Gs          , Ss          , Ss          , Ai          , Ha^Fpa      , Ha^Fpa      , Ha^Fpa      , Hh^Fp       , Wwg         , Wwg         , Hh          , Ai          , Ai          
Gs          , Ss          , Gs          , Gs          , Gs          , Gs          , Gs          , Hh          , Gs          , Hh          , Gs          , Gs          , Ss          , Ss          , Ss          , Ss          , Ss          , Ss          , Gs          , Gs          , Gs          , Gs          , Ss          , Hh          , Wwg         , Wwg         , Hh^Fp       , Mm          , Mm          
Ds          , Gs          , Ds          , Gs          , Ce          , Ce          , Ce          , Gs          , Gs          , Gs          , Ss          , Ss          , Hh          , Hh          , Hh          , Hh          , Hh          , Ss          , Ss          , Ss          , Ss          , Ss          , Wwg         , Wwg         , Hh^Fp       , Ss          , Hh^Fp       , Mm          , Mm          
Ds          , Ds          , Ds          , Gs          , Ce          , 1 Ke        , Ce          , Gs          , Ss          , Ss          , Hh          , Hh          , Mm          , Mm          , Mm          , Mm          , Hh          , Hh          , Hh          , Ss          , Wwg         , Wwg         , Hh          , Wwg         , Mm          , Hh^Fp       , Mm          , Mm          , Mm          
Ds          , Ds          , Gs          , Gs          , Gs          , Ce          , Gs          , Gs          , Ss          , Ss          , Hh          , Mm          , Mm          , Mm          , Mm^Vhh      , Mm          , Hh          , Mm          , Mm          , Hh          , Wwg         , Wwg         , Mm          , Mm          , Mm          , Hh^Vhh      , Mm          , Mm          , Mm          
Gs          , Ds          , Gs          , Gs^Vc       , Gs          , Gs          , Ss          , Ss          , Gs          , Hh          , Hh          , Mm          , Mm          , Mm          , Mm          , Mm          , 4 Mm        , Hh          , Hh          , Hh          , Wwg         , Mm          , Mm          , Mm          , Mm          , Mm          , Mm          , Mm          , Mm          
Gs          , Gs          , Ss          , Gs          , Gg          , Ss          , Ss          , Ss          , Gs          , Hh          , Hh          , Mm          , Mm          , Mm          , Mm          , Mm          , Mm          , Mm          , Gg          , Mm          , Mm          , Wwg         , Wwg         , Mm          , Mm          , Mm          , Mm          , Mm          , Mm          
