border_size=1
usage=map

Wog         , Wog         , Wog         , Xu          , Xu          , Xu          , Xu          , Xu          , Xuc         , Xuc         , Xuc         , Xuc         , Xuc         , Wog         , Wog         , Wog         , Dd          , Aa          , Aa          , Aa          , Aa          , Ds          , Ds          , Ds          , Aa          , Ds          , Ds          , Aa          , Xu          , Xu          , Xu          , Xu          , Xu          , Xu          , Xu          , Xu          , Xu          , Xu          , Uu          , Uu          , Urb^Br|     , Urb         , Urb         
Wog         , Wog         , Ss^Vm       , Wog         , Wwg         , Xuc         , Wwg         , Xu          , Wwg         , Xuc         , Wog         , Xuc         , Xuc         , Xuc         , Xuc         , Ss          , Ss          , Dd          , Aa          , Ds          , Ds          , Ds          , Ds          , Ds          , Ds          , Aa          , Aa          , Aa          , Xu          , Xu          , Xu          , Xu          , Xu          , Xu          , Uu          , Xu          , Cud         , Xuc         , Xuc         , Uu          , Uu^Br|      , Uu          , Urb         
Ss          , Ss          , Ss          , Wog         , Wog         , Wwg         , Wwg         , Wwg         , Ss          , Ss          , Sm          , Wwg         , Wwg         , Sm          , Sm          , Xuc         , Ss          , Rd          , Cud         , Ds          , Ds          , Aa          , Aa          , Ds          , Ds          , Aa          , Cud         , Uh          , Xuc         , Xu          , Xuc         , Uu^Vu       , Uu          , Uu          , Urb         , Uu          , Cud         , 4 Kud       , Cud         , Uu          , Uu^Br\      , Uu          , Urb         
Xu          , Ss          , Wog         , Wog         , Wog         , Wog         , Wwg         , Ss          , Uu^Vu       , Uu          , Sm          , Sm          , Sm          , Wwg         , Sm          , Xuc         , Xuc         , Sm          , Uu          , Ds          , Ds          , Ds          , Ds          , Ds          , Ds          , Ds          , Uu          , Uu          , Uu          , Xuc         , Uu          , Uu          , Urb         , Urb         , Urb         , Urb         , Urb         , Cud         , Uu          , Uu          , Uu^Br|      , Uu^Vu       , Urb         
Xu          , Ss          , Wog         , Wog         , Wog         , Wwg         , Ss          , Ss          , Uu          , Uu          , Wwf         , Wwf         , Wwf         , Sm          , Wwg         , Sm          , Xuc         , Sm          , Sm          , Uu          , Cud         , Ds          , Uu          , Ds          , Cud         , Uu          , Urb         , Urb         , Urb         , Uu          , Urb         , Urb         , Ss          , Urb         , Ss          , Urb         , Urb         , Urb         , Urb         , Uu          , Urb^Br\     , Urb         , Urb         
Xu          , Ss          , Wwg         , Wwg         , Wwg         , Wwg         , Ss          , Ss          , Wwf         , Wwf         , Xuc         , Sm          , Sm          , Wwf         , Wwf         , Sm          , Sm          , Xuc         , Xuc         , Sm          , Sm          , Uu          , Urb         , Uu          , Uu          , Uu          , Urb         , Urb         , Urb         , Urb         , Ss          , Ss          , Wwf         , Ss          , Wwf         , Ss          , Sm          , Sm          , Urb         , Urb         , Urb         , Urb^Br\     , Ss          
Xu          , Ss          , Ss          , Wwg         , Wwg         , Ss          , Wwf         , Wwf         , Xuc         , Xuc         , Uu^Vu       , Xu          , Xu          , Sm          , Sm          , Sm          , Ss          , Ss          , Ss          , Xuc         , Sm          , Urb         , Urb         , Urb         , Urb         , Urb         , Sm          , Sm          , Sm          , Ss          , Wwf         , Wwf         , Xuc         , Wwf         , Ss          , Ss          , Urb         , Sm          , Urb         , Urb         , Urb         , Ss          , Ss          
Xu          , Ss          , Ss^Vm       , Ss          , Wwf         , Wwf         , Sm          , Xuc         , Cud         , Xuc         , Uu          , Uu          , Uu          , Xu          , Xuc         , Sm          , Ss          , Ss^Vhs      , Ss          , Xuc         , Sm          , Urb         , Sm          , Urb         , Sm          , Sm          , Xuc         , Xuc         , Xuc         , Ss          , Xuc         , Xuc         , Sm          , Ss          , Urb         , Urb         , Uu          , Urb         , Uu^Vu       , Urb         , Urb         , Urb         , Ss          
Xu          , Ss          , Ss          , Ss          , Wwf         , Sm          , Xu          , Xu          , Kud         , Xu          , Uh          , Uu          , Cud         , Uu          , Xuc         , Sm          , Wwf         , Ss          , Wwg         , Xuc         , Xuc         , Sm          , Xuc         , Sm          , Xuc         , Xuc         , Ss          , Ss          , Ss          , Xuc         , Sm          , Sm          , Urb         , Urb         , Uu          , Uu          , Xu          , Uu          , Uu          , Uu          , Uu          , Ss          , Ss          
Xu          , Sm          , Wwg         , Wwg         , Wwf         , Sm          , Sm          , Cud         , Cud         , Xuc         , Xuc         , Uu          , Uu          , Uu          , Uu^Uf       , Xuc         , Wwf         , Ss          , Ss          , Ss          , Xuc         , Xuc         , Sm          , Xuc         , Ss          , Ss          , Urb         , Ss          , Urb         , Sm          , Urb         , Urb         , Uu          , Uu          , Xu          , Xu          , Xuc         , Xuc         , Xuc         , Xuc         , Xuc         , Ss          , Ss          
Xu          , Sm          , Sm          , Wwg         , Wwg         , Wwf         , Wwf         , Sm          , Sm          , Cud         , Xuc         , Uu          , Uu          , Uu          , Cud         , Xuc         , Wwf         , Wwf         , Ss          , Ss          , Xuc         , Sm          , Cud         , Ss          , Urb         , Urb         , Uu          , Urb         , Uu^Vu       , Urb         , Uu          , Uu          , Xu          , Xu          , Qxu         , Qxu         , Qxu         , Qxu         , Qxu         , Xuc         , Qxu         , Xuc         , Xuc         
Xu          , Xuc         , Xuc         , Sm          , Sm          , Sm          , Sm          , Wwf         , Cud         , Urb         , Uu          , Xuc         , Xuc         , Uu          , 3 Kud       , Cud         , Wwf         , Wwf         , Ss          , Ss          , Xuc         , Ss          , Ss          , Urb         , Uu          , Uu          , Xuc         , Uu          , Uu          , Uu          , Xuc         , Xuc         , Qxu         , Qxu         , Qxu         , Qxu         , Iwr         , Qxu         , Qxu         , Qxu         , Qxu         , Qxu         , Qxu         
Xu          , Sm          , Sm          , Xuc         , Xuc         , Sm          , Sm          , Sm          , Ss          , Urb         , Urb         , Uu          , Uu          , Xuc         , Cud         , Cud         , Ss          , Wwf         , Wwf         , Ss          , Ss          , Xuc         , Ss          , Urb         , Uu          , Qxu         , Qxu         , Xuc         , Xuc         , Xuc         , Qxu         , Qxu         , Iwr         , Iwr         , Iwr         , Iwr         , Iwr         , Iwr         , Iwr         , Iwr         , Iwr         , Qxu         , Qxu         
Xu          , Sm          , Urb         , Sm          , Sm          , Xuc         , Sm          , Ss          , Ss^Bw/      , Ss^Bw/      , Uu          , Urb         , Uu          , Xuc         , Xuc         , Xuc         , Ss          , Ss          , Ss          , Wwf         , Ss          , Xuc         , Ss          , Urb         , Urb         , Uu          , Qxu         , Qxu         , Qxu         , Qxu         , Iwr         , Iwr         , Cud         , Iwr         , Cud         , Iwr         , Iwr         , Iwr         , Iwr         , Iwr         , Iwr         , Iwr         , Iwr         
Xuc         , Sm          , Urb         , Urb         , Urb         , Sm          , Urb         , Ss^Bw/      , Ss          , Ss          , Uu          , Urb         , Urb         , Uu          , Xuc         , Xuc         , Ss          , Ss          , Ss^Vm       , Wwf         , Ss          , Xuc         , Ss          , Ss          , Ss          , Urb         , Urb         , Qxu         , Iwr         , Iwr         , Iwr         , Iwr         , Iwr         , Iwr         , Iwr         , Iwr         , Iwr         , Iwr         , Iwr         , Iwr         , Iwr         , Iwr         , Iwr         
Xuc         , Sm          , Urb         , Cud         , Urb         , Urb         , Ss          , Ss          , Wwg         , Wwg         , Xuc         , Uu          , Urb         , Uu          , Xuc         , Cud         , Ss          , Ss          , Wwf         , Wwf         , Ss          , Xuc         , Sm          , Wwf         , Ss          , Urb         , Uu          , Qxu^Bs\     , Iwr         , Iwr         , Iwr         , Iwr         , Iwr         , Iwr         , Iwr         , Iwr         , Qxu         , Iwr         , Iwr         , Iwr         , Iwr         , Cud         , Iwr         
Xuc         , Sm          , Sm          , Urb         , Urb         , Urb         , Ss          , Ss^Vm       , Wwg         , Wwg         , Xuc         , Uu          , Urb         , Uu          , Xuc         , Xuc         , Ss          , Ss          , Wwf         , Ss          , Xuc         , Xuc         , Sm          , Wwf         , Ss          , Urb         , Qxu         , Qxu         , Iwr         , Iwr         , Iwr         , Iwr         , Iwr         , Iwr         , Qxu^Bs|     , Qxu         , Qxu         , Qxu         , Qxu^Bs|     , Iwr         , Iwr         , Iwr         , Iwr         
Ms          , Xuc         , Xuc         , Sm          , Sm          , Sm          , Ss          , Ss          , Xuc         , Xuc         , Xuc         , Uu          , Urb         , Uu          , Uu          , Xuc         , Ss          , Wwf         , Ss          , Ss          , Xuc         , Sm          , Sm          , Wwf         , Cud         , Urb         , Uu          , Qxu         , Iwr         , Iwr         , Cud         , Iwr         , Iwr         , Qxu         , Cud         , Qxu         , 5 Qxu       , Qxu         , Cud         , Qxu         , Iwr         , Iwr         , Iwr         
Ms          , Ms          , Ms          , Xuc         , Xuc         , Xuc         , Xuc         , Xuc         , Ms          , Ms          , Xuc         , Uu          , Uu          , Urb         , Uu          , Xuc         , Ss          , Wwf         , Ss          , Ss          , Xuc         , Sm          , Wwf         , Wwf         , Ss          , Urb         , Qxu         , Qxu         , Iwr         , Iwr         , Iwr         , Iwr         , Iwr         , Qxu         , Qxu^Bs|     , Qxu         , Qxu         , Qxu         , Qxu^Bs|     , Qxu         , Iwr         , Iwr         , Iwr         
Ha          , Ms          , Ha          , Ms          , Ms          , Ms          , Ms          , Ms          , Ha          , Ms          , Ms          , Xuc         , Uu          , Urb         , Uu          , Xuc         , Sm          , Wwf         , Sm          , Xuc         , Sm          , Sm          , Wwf         , Ss          , Urb         , Urb         , Uu          , Qxu         , Iwr         , Iwr         , Iwr         , Iwr         , Iwr         , Iwr         , Iwr         , Qxu         , Qxu         , Qxu         , Iwr         , Iwr         , Iwr         , Iwr         , Iwr         
Aa          , Ha          , Aa          , Ha          , Ha          , Ha          , Ha          , Ha          , Aa          , Ha          , Ms          , Xuc         , Uh          , Urb         , Urb         , Uu          , Uu          , Sm          , Sm          , Xuc         , Sm          , Wwf         , Ss          , Ss          , Uu          , Urb         , Urb         , Qxu^Bs/     , Iwr         , Iwr         , Iwr         , Iwr         , Iwr         , Iwr         , Iwr         , Iwr         , Iwr         , Iwr         , Iwr         , Iwr         , Iwr         , Cud         , Iwr         
Aa          , Aa          , Aa^Voa      , Aa          , Aa          , Cea         , Aa          , Aa          , Aa          , Ha          , Ms          , Xuc         , Xuc         , Uh          , Uu          , Urb         , Uu          , Sm          , Sm          , Xuc         , Sm          , Wwf         , Ss          , Uu          , Uu^Vu       , Uu          , Urb         , Qxu         , Qxu         , Iwr         , Iwr         , Iwr         , Cud         , Iwr         , Cud         , Iwr         , Iwr         , Iwr         , Iwr         , Iwr         , Iwr         , Iwr         , Iwr         
Aa          , Aa          , Aa          , Aa          , Aa          , Aa          , Aa          , Rb          , Aa          , Ha          , Ms          , Ms          , Xuc         , Uu^Uf       , Uu          , Urb         , Urb         , Uu          , Sm          , Xuc         , Sm          , Wwf         , Ss          , Uu          , Uu          , Uu          , Urb         , Uu          , Qxu         , Qxu         , Qxu         , Iwr         , Iwr         , Iwr         , Iwr         , Iwr         , Iwr         , Iwr         , Iwr         , Iwr         , Iwr         , Iwr         , Qxu         
Aa          , Aa          , Aa          , Aa          , Aa          , Aa          , Rb          , Rb          , Aa          , Cea         , Ms          , Ms          , Ms          , Xuc         , Uu          , Uu          , Urb         , Uu          , Sm          , Xuc         , Sm          , Wwf         , Wwf         , Ss          , Ss          , Urb         , Urb         , Qxu         , Uu          , Qxu         , Qxu         , Qxu         , Qxu         , Iwr         , Qxu         , Iwr         , Iwr         , Iwr         , Iwr         , Iwr         , Qxu         , Qxu         , Qxu         
Aa          , Aa          , Aa          , Aa          , Aa          , Aa          , Rb          , Rb          , Aa          , Ha          , Ms          , Ms          , Ms          , Xuc         , Sm          , Uu          , Urb         , Uu          , Sm          , Xuc         , Xuc         , Sm          , Sm          , Wwf         , Wwf         , Ss          , Urb         , Uu          , Uu^Vu       , Uu          , Xuc         , Qxu         , Qxu         , Qxu         , Qxu         , Qxu         , Qxu^Bs|     , Qxu         , Qxu         , Qxu         , Qxu         , Qxu         , Uu          
Aa          , Aa          , Aa          , Aa          , Aa          , Rb          , Rb          , Aa          , Aa          , Ha          , Ms          , Ms          , Ms          , Xuc         , Sm          , Uu          , Urb         , Uu          , Sm          , Sm          , Sm          , Xuc         , Sm          , Wwf         , Ss          , Ss          , Urb         , Uu          , Uu          , Uu          , Xuc         , Xuc         , Xuc         , Xuc         , Xuc         , Qxu         , Xuc         , Qxu         , Qxu         , Qxu         , Qxu         , Uu          , Uu^Vu       
Aa          , Aa          , Aa          , Aa          , Rb          , Rb          , Aa          , Aa          , Aa          , Ha          , Ms          , Ms          , Ms          , Xuc         , Sm          , Sm          , Urb         , Urb         , Urb         , Sm          , Ss^Bw/      , Sm          , Ss          , Wwf         , Urb         , Urb         , Cud         , Urb         , Urb         , Uu          , Xuc         , Qxu         , Qxu         , Cud         , Qxu         , Xuc         , Urb         , Xuc         , Qxu         , Qxu         , Uu          , Uu          , Uu          
Aa          , Aa          , Aa          , Rb          , 1 Rb        , Rb          , Aa          , Aa          , Aa          , Ha          , Ha          , Ms          , Ms          , Xuc         , Sm          , Sm          , Urb         , Cud         , Urb         , Urb         , Ss          , Ss^Bw\      , Urb         , Urb         , Urb         , Cud         , 2 Kud       , Cud         , Urb         , Urb         , Xuc         , Qxu         , Urb         , Qxu^Bs|     , Urb         , Urb         , Urb         , Xuc         , Xuc         , Qxu         , Qxu         , Qxu         , Uu          
Aa          , Aa          , Aa          , Rb          , Rb          , Rb          , Aa          , Aa          , Aa          , Aa          , Ha          , Ha^Vhha     , Ms          , Xuc         , Ss          , Ss          , Ss          , Urb         , Ss          , Ss          , Wwf         , Ss          , Ss          , Ss          , Urb         , Cud         , Cud         , Cud         , Urb         , Urb         , Xuc         , Urb         , Urb         , Urb         , Urb         , Urb         , Qxu^Bs|     , Qxu         , Xuc         , Qxu         , Qxu         , Uu          , Uu          
Aa          , Aa          , Rb          , Rb          , Aa          , Aa          , Aa          , Aa          , Aa          , Aa          , Aa          , Ha          , Ms          , Xuc         , Ss          , Ss^Vhs      , Ss          , Ss          , Ss          , Ss          , Ss          , Wwf         , Ss          , Ss          , Ss          , Urb         , Urb         , Urb         , Uu          , Uu          , Xuc         , Urb         , Qxu^Bs|     , Urb         , Qxu^Bs|     , Qxu         , Uu^Vu       , Qxu         , Xuc         , Qxu         , Qxu         , Uu          , Uu          
Aa          , Aa          , Rb          , Rb          , Aa          , Aa          , Aa          , Aa          , Aa          , Aa          , Aa          , Ha          , Ms          , Xuc         , Xuc         , Ss          , Ss          , Ss          , Ss          , Ss          , Ss          , Wwf         , Wwg         , Ss^Vhs      , Ss          , Ss          , Ss          , Uu^Uf       , Uu          , Xuc         , Qxu         , Qxu         , Iwr         , Qxu         , Iwr         , Qxu         , Qxu         , Qxu         , Qxu         , Xuc         , Qxu         , Qxu         , Uu          
Aa          , Aa          , Aa          , Aa          , Aa          , Aa          , Aa          , Aa          , Aa          , Aa          , Aa          , Ha          , Ms          , Ms          , Xuc         , Xuc         , Xuc         , Xuc         , Xuc         , Ss          , Ss          , Wwg         , Wwg         , Ss          , Wwg         , Ss          , Ss          , Ss          , Uu          , Xuc         , Qxu         , Qxu         , Qxu         , Qxu         , Qxu         , Qxu         , Qxu         , Qxu         , Xuc         , Xuc         , Qxu         , Qxu         , Uu          
Aa          , Aa          , Aa          , Aa          , Aa          , Aa          , Aa          , Aa          , Aa          , Aa          , Aa          , Ha          , Ms          , Ms          , Ms          , Xuc         , Xuc         , Xuc         , Xuc         , Xuc         , Xuc         , Ss          , Ss          , Wwg         , Wwg         , Ss          , Ss          , Uu          , Xuc         , Xuc         , Xuc         , Xuc         , Xuc         , Xuc         , Xuc         , Xuc         , Xuc         , Xuc         , Qxu         , Qxu         , Qxu         , Qxu         , Uu          
