border_size=1
usage=map

Ha          , Aa          , Aa          , Ds          , Ds          , Ds          , Ds          , Ds          , Ds          , Ds          , Ds          , Ds          , Ds          , Ds          , Ha          , Ha          , Ds          , Ds          , Hd          , Hd          , Hd          , Hd          , Ds          , Ha          , Ha          , Ms          , Ha          , Ha          , Ha          , Ha          , Ha          , Ds          , Ds          , Hd          , Hd          , Ds          
Ha          , Ha          , Aa          , Aa          , Ds          , Ds          , Ds          , Ds          , Ds          , Aa          , Aa          , Aa          , Aa          , Ds          , Ds          , Ha          , Ds          , Ds          , Ds          , Ds          , Ds          , Ds          , Ds          , Ds          , Ds          , Ha          , Ds          , Ds          , Ds          , Ds          , Ds          , Ds          , Ds          , Ds          , Ds          , Ds          
Ha          , Ha          , Ha          , Aa          , Ds          , Ds          , Ds          , Aa          , Aa          , Aa          , Ha          , Ha          , Ha          , Aa          , Aa          , Ds          , Ds          , Dd^Vdt      , Ds          , Aa          , Aa          , Aa          , Aa          , Ds          , Aa          , Ds          , Aa          , Ds          , Aa          , Ds          , Ha          , Ha          , Ds          , Aa          , Aa          , Aa          
Md          , Ms          , Ha          , Aa          , Ds          , Ds          , Aa          , Aa          , Ha          , Ha          , Aa          , Aa          , Aa          , Aa          , Aa          , Aa          , Ds          , Ds          , Aa          , Aa          , Ds          , Aa          , Ds          , Aa          , Aa          , Aa^Voa      , Aa          , Aa          , Aa          , Ds          , Ds          , Ds          , Ds          , Aa          , Aa          , Aa          
Md          , Ha          , Ha^Fpa      , Aa          , Aa          , Ds          , Aa          , Aa          , Aa          , Aa          , Ds          , Ds          , Ds          , Ds          , Ds          , Ds          , Ds          , Ds          , Ds          , Aa          , Ds          , Ds          , Ha          , Ds          , Aa          , Aa          , Ds          , Aa          , Ds          , Ds          , Ce          , Ds          , Aa          , Aa          , Aa          , Aa          
Ha          , Ha          , Aa          , Aa          , Ms          , Aa          , Aa          , Aa          , Aa          , Dd^Vdt      , Ds          , Ds          , Aa          , Aa          , Aa          , Aa          , Aa          , Ds          , Ds          , Ds          , Ds          , Ds          , Ds          , Ha          , Ds          , Aa          , Ds          , Ds          , Ds          , Ce          , 2 Kea       , Cea         , Ds          , Ds          , Ds          , Ds          
Aa          , Aa          , Aa          , Ha          , Ms          , Ha          , Ha          , Aa          , Ha          , Aa          , Aa          , Aa          , Ha          , Ha          , Ha          , Aa          , Aa          , Ds          , Ds          , Ds          , Aa          , Aa          , Aa          , Ds          , Aa          , Ds          , Ds          , Ds          , Aa          , Cea         , Cea         , Cea         , Ds          , Ds          , Ds          , Ds          
Aa          , Aa          , Ha^Fpa      , Ha^Fpa      , Ms^Xm       , Ha          , Ha          , Ha          , Ms          , Ha          , Ha          , Ha          , Ha^Fpa      , Ms          , Ms          , Ha^Fpa      , Hh^Fp       , Aa          , Ds          , Ds          , Aa          , Ha          , Ha          , Aa          , Aa          , Ds          , Ds          , Ds          , Ds          , Aa          , Aa          , Aa          , Aa          , Aa          , Aa          , Ds          
Aa          , Aa          , Ha^Fpa      , Ms          , Ms^Xm       , Ha^Fpa      , Ha^Fpa      , Ms          , Ms^Xm       , Ms          , Ms          , Ms          , Ha^Fpa      , Ms          , Ms^Xm       , Ms          , Hh^Fp       , Aa          , Aa          , Ds          , Aa          , Aa          , Ha          , Ha          , Aa          , Aa          , Ds          , Ds          , Aa          , Aa          , Ha          , Ha          , Hd          , Ha          , Ds          , Ds          
Ha          , Ha          , Ms          , Ms^Xm       , Ms^Xm       , Ms          , Ms^Xm       , Ms^Xm       , Ms          , Ms^Xm       , Ms^Xm       , Ms^Xm       , Ms^Xm       , Ms^Xm       , Ms          , Ms          , Hh^Fp       , Ss          , Ds          , Ds          , Ds          , Aa          , Aa          , Ha          , Aa          , Ds          , Ds          , Ds          , Aa          , Hd          , Mm          , Mm          , Ds          , Ds          , Dd^Vdt      , Ds          
Ms          , Ms          , Ms          , Ms          , Ms^Xm       , Ms^Xm       , Ms          , Ms          , Ha          , Ms          , Ms          , Ms          , Ms          , Ms          , Ha^Fpa      , Hh^Fp       , Ss          , Ss          , Ds          , Dd^Vdt      , Ds          , Aa          , Ds          , Aa          , Aa          , Aa          , Ds          , Ds          , Aa          , Hd          , Mm          , Mm          , Mm          , Ds          , Ds          , Ds          
Ms          , Ms          , Ms          , Ms^Xm       , Ms^Xm       , Ms          , Ha^Fpa      , Ha^Fpa      , Aa          , Ha^Fpa      , Ha^Fpa      , Ha          , Ha          , Ha^Fpa      , Aa          , Aa          , Ds          , Ss          , Ss          , Ds          , Ss          , Ds          , Ds          , Ds          , Ds          , Ds          , Ds          , Ds          , Aa          , Hh^Fp       , Hh^Fp       , Mm          , Mm          , Hd          , Aa          , Ds          
Ms          , Ms          , Ms^Xm       , Ms^Xm       , Ms          , Ha          , Ai          , Aa          , Aa^Vha      , Aa          , Aa          , Aa          , Aa          , Aa          , Aa          , Ds          , Ds          , Ss          , Hh^Fp       , Hh^Fp       , Hh^Fp       , Ss          , Ss          , Ss          , Ss          , Ss          , Hh^Fp       , Ds          , Ds          , Hh^Fp       , Aa          , Mm          , Aa          , Aa          , Aa          , Ds          
Ms          , Ms^Xm       , Mm          , Mm          , Mm          , Aa          , Ai          , Aa          , Aa          , Aa          , Aa          , Aa          , Ha          , Aa          , Aa          , Ds          , Ai          , Wwf         , Ww          , Mm          , Mm          , Hh^Fp       , Hh^Fp       , Hh^Fp       , Hh^Fp       , Hh^Fp       , Hh^Fp       , Ss          , Ss          , Ds          , Ds          , Aa          , Aa          , Aa          , Aa          , Aa          
Ms          , Ms^Xm       , Mm          , Mm          , Hh^Fp       , Hh^Fp       , Aa          , Ai          , Ai          , Ai          , Aa          , Ha          , Aa          , Aa          , Ds          , Ai          , Wwf         , Wwf         , Ww          , Ww          , Ww          , Mm          , Mm          , Mm          , Hh^Fp       , Md          , Hh^Fp       , Hh^Fp       , Ss          , Ds          , Ds          , Ds          , Aa          , Aa          , Ds          , Ds          
Mm          , Mm          , Mm          , Hh^Fp       , Ss          , Hh^Fp       , Ww          , Ww          , Ww          , Ai          , Ww          , Aa          , Ww          , Ww          , Ww          , Ds          , Wwf         , Ww          , Ww          , Ww          , Hh^Fp       , Mm          , Hh^Fp       , Hh^Fp       , Gll^Fp      , Hh^Fp       , Hh^Fp       , Ss          , Ds          , Ds          , Aa          , Aa          , Ha          , Aa          , Aa          , Ds          
Hh^Fp       , Mm          , Hh^Fp       , Hh^Fp       , Ww          , Ww          , Ss          , Ds          , Ds          , Ww          , Ss          , Ww          , Aa          , Ww          , Ds          , Ss          , Ss          , Wwf         , Wwf         , Ww          , Mm          , Mm          , Hh^Fp       , Gll^Fp      , Gll^Fp      , Hh^Fp       , Ss          , Ss          , Ds          , Aa          , Aa          , Ha          , Ms          , Ha          , Ha          , Aa          
Ww          , Hh^Fp       , Ww          , Ww          , Hh^Fp       , Ss          , Ds          , Ds          , Ds          , Ds          , Ds          , Aa          , Aa          , Aa          , Ds          , Ds          , Ss          , Ss          , Aa          , Mm          , Hh^Fp       , Mm          , Hh^Fp       , Gg^Ve       , Gll^Fp      , Hh^Fp       , Ss          , Ds          , Ds          , Ds          , Ha          , Ha          , Md          , Ms          , Ms          , Ms          
Ss          , Ww          , Hh          , Hh^Fp       , Hh          , Ds          , Hh^Fp       , Hh^Fp       , Hh^Fp       , Ds          , Ds          , Aa          , Aa          , Ds          , Ds          , Ss          , Ss          , Hh^Fp       , Hh^Fp       , Aa          , Hh^Fp       , Mm          , Hh^Fp       , Hh^Fp       , Hh^Fp       , Hh^Fp       , Ss          , Ss          , Ds          , Ds          , Ha          , Ms          , Ha^Vhha     , Md          , Md          , Ms          
Mm          , Hh^Fp       , Mm          , Mm          , 5 Hh^Fp     , Hh^Fp       , Mm          , Mm          , Hh^Fp       , Aa          , Ds          , Aa          , Aa          , Aa^Voa      , Ds          , Ds          , Ss          , Ss          , Ss          , Hh^Fp       , Ss          , Hh^Fp       , Ss          , Aa          , Aa          , Aa          , Ss          , Hh^Fp       , Hh^Fp       , Hh^Fp       , Hh^Fp       , Ha          , Ha          , Md          , Md          , Md          
Ha^Fpa      , Mm          , Ha^Fpa      , Hh^Fp       , Ha^Fpa      , Hh^Fp       , Mm          , Mm          , Hh^Fp       , Aa          , Aa          , Ds          , Aa          , Ds          , Aa          , Ss          , Ss          , Ss          , Ai          , Ss          , Ai          , Ss          , Ss          , Ss          , Ss          , Ss          , Ai          , Ss          , Ds          , Ss          , Ss          , Aa          , Aa          , Hh^Fp       , Hh^Fp       , Hh^Fp       
Ha^Fpa      , Ha^Fpa      , Ha          , Ha^Fpa      , Ms          , Ha^Fpa      , Ms          , Mm          , Hh^Fp       , Aa          , Ha          , Aa          , Aa          , Aa          , Ai          , Ww          , Ww          , Ai          , Aa          , Ai          , Aa          , Ds          , Ds          , Ai          , Ai          , Ss          , Ai          , Ds          , Ai          , Ai          , Ss          , Ss          , Ai          , Aa          , Ss          , Ai          
Ms          , Ha          , Ha^Vhha     , Ms          , Ms          , Ms          , Mm          , Mm          , Hh^Fp       , Ha          , Ha          , Aa          , Aa          , Ai          , Aa          , Aa          , Aa          , Aa          , Aa          , Aa          , Ds          , Ds          , Aa          , Aa          , Aa          , Ss          , Ai          , Ai          , Ss          , Ss          , Ai          , Ss          , Ss          , Ss          , Aa          , Ss          
Ms          , Ms          , Ms          , Ms          , Mm          , Mm          , Mm          , Hh^Fp       , Ha^Fpa      , Ms          , Ms          , Ha          , Ha^Fpa      , Ai          , Ha^Fpa      , Ha^Fpa      , Ha          , Aa          , Aa          , Aa          , Aa          , Aa          , Aa          , Aa          , Hh^Fp       , Hh^Fp       , Hh^Fp       , Ai          , Aa          , Aa          , Aa          , Aa          , Ss          , Aa          , Aa          , Aa          
Ms          , Ms          , Mm          , Mm          , Mm          , Mm          , Hh^Fp       , Hh^Fp       , Ms          , Ha^Fpa      , Ms          , Ms          , Ha^Fpa      , Ai          , Ha^Fpa      , Ms          , Ms          , Ha          , Ha          , Aa          , Ha^Fpa      , Hh^Fp       , Hh^Fp       , Hh^Fp       , Hh^Fp       , Hh^Fp       , Cea         , Cea         , Cea         , Aa          , Aa          , Aa          , Aa          , Ss          , Aa          , Aa          
Mm          , Mm          , Mm          , Mm          , Mm          , Hh^Fp       , Ms          , Ww          , Ai          , Ai          , Ai          , Ha^Fpa      , Ai          , Ai          , Ms          , Ms          , Ms          , Ha^Vhha     , Ms          , Ha          , Ms          , Hh^Fp       , Ms          , Hh^Fp       , Ha          , Ha          , Cea         , 1 Kea       , Cea         , Ha          , Ha          , Ha          , Hh^Fp       , Ss          , Ss          , Ai          
Mm          , Mm          , Mm          , Mm          , Ms          , Ms          , Ha^Fpa      , Ha^Fpa      , Aa          , Aa          , Aa          , Ai          , Ai          , Ha^Fpa      , Ms          , Ms          , Ms          , Ms          , Ms          , Ms          , Ms          , Ms          , Ms          , Ms          , Ha          , Aa          , Aa          , Cea         , Ha          , Ha          , Ms          , Ms          , Hh^Fp       , Ss          , Ai          , Ai          
Mm          , Mm          , Mm          , Mm          , Ms          , Ms          , Ha^Fpa      , Aa          , Ai          , Ai          , Ai          , Ai          , Ha^Fpa      , Ha^Fpa      , Ms          , Ms          , Ms          , Ms          , Ms          , Ms          , Ms          , Ms          , Ms          , Ha          , 3 Ha        , Aa          , Aa          , Ha          , Ms          , Ms          , Ms          , Ha          , Ha          , Ai          , Ha          , Aa          
Mm          , Mm          , Mm          , Mm          , Ms          , Ha          , Aa          , Aa          , Aa          , Ai          , Aa          , Aa          , Ha^Fpa      , Ms          , Ms          , Ms          , Mm          , Ha          , Ha          , Ha          , Ms          , Ms          , Ms          , Ha          , Aa          , Aa          , Aa          , Ha          , Ms          , Ms          , Ms          , Ms          , Ha          , Ha          , Ha          , Ha          
Mm          , Mm          , Mm          , Ms          , Ha^Fpa      , Ha          , Aa          , Aa          , Qxu         , Aa          , Ha^Fpa      , Ha^Fpa      , Ms          , Ms          , Ms          , Ms          , Mm          , Md          , Md          , Md          , Mm          , Ms          , Ha          , Ha          , Aa          , Dd          , Dd          , Aa          , Ha          , Ha          , Ha          , Ha^Vhha     , Ha          , Ms          , Ms          , Ms          
Mm          , Mm          , Ms          , Ha^Fpa      , Ha^Fpa      , Ha^Fpa      , Aa          , Qxu         , Qxu         , Ha^Fpa      , Ms          , Ms          , Ms          , Ms          , Ms          , Ms          , Ms          , Mm          , Ms          , Mm          , Ha          , Ha          , Aa          , Aa          , Dd          , Dd          , Aa          , Aa          , Ha          , Ms          , Ms          , Ha          , Ms          , Ms          , Ms          , Ms          
Ms          , Ms          , Ha^Fpa      , Ha^Fpa      , Aa          , Aa          , Aa          , Qxu         , Qxu         , Ha          , Ha          , Ms          , Ms          , Ms          , Ms          , Ms          , Ms          , Ms          , Ms          , Ha          , Aa          , Aa          , Dd          , Dd          , Aa          , Aa          , Ha          , Ha          , Ms          , Ms          , Ms          , Ms          , Ha          , Ha          , Ms          , Ms          
