border_size=1
usage=map

Hh^Fp       , Mm          , Mm          , Ms          , Mm          , Mm          , Hh^Fp       , Ww          , Ww          , Hh^Fp       , Hh^Fp       , Mm          , Mm          , Mm          , Ms          , Ms          , Mm          , Mm          , Ms          , Ms          , Ms          , Ms          , Mm          , Mm          , Mm          , Mm          , Mm          , Mm          , Ha^Fpa      , Mm          , Mm          , Mm          , Mm          , Mm          , Hh^Fp       , Hh^Fp       , Ww          , Ww          
Hh^Fp       , Hh^Fp       , Hh^Fp       , Mm          , Mm          , Mm          , Mm          , Hh^Fp       , Ww          , Hh^Fp       , Ww          , Hh^Fp       , Mm          , Mm          , Mm          , Ms          , Ha^Fpa      , Mm          , Mm          , Mm          , Mm          , Mm          , Hh^Fp       , Mm          , Ms          , Ms          , Ms          , Ms          , Aa^Vaa      , Ha^Fpa      , Hh^Fp       , Hh^Fp       , Hh^Fp       , Mm          , Hh^Fp       , Hh^Fp       , Ww          , Ww          
Gs          , Hh^Fp       , Gs          , Hh^Fp       , Hh^Fp       , Mm          , Ha^Voa      , Hh^Fp       , Hh^Fp       , Ww          , Ww          , Hh^Fp       , Hh^Fp       , Md          , Hh^Fp       , Ha^Fpa      , Ha^Vaa      , Ms          , Mm          , Hh^Fp       , Mm          , Hh^Fp       , Mm          , Mm          , Mm          , Ms          , Ce          , Ms          , Ms          , Ms          , Mm          , Mm          , Hh^Fp       , Hh^Fp       , Ww          , Ww          , Ha^Fpa      , Ms          
Gs          , Gs          , Gs          , Gg          , Gg          , Ha^Fma      , Ha^Fma      , Ha^Fma      , Hh^Fp       , Hh^Fp       , Ww          , Hh^Fp       , Hh^Fp       , Hh^Fp       , Hh^Fp       , Ha^Fpa      , Ms          , Ms          , Mm          , Hh^Fp       , Hh^Fp       , Mm          , Mm          , Mm          , Mm          , Ce          , 5 Ke        , Ce          , Mm          , Mm          , Hh^Fp       , Hh^Fp       , Ww          , Ww          , Ha^Fpa      , Ha^Fpa      , Ha^Fpa      , Ms          
Gs          , Gs          , Gs          , 1 Gs        , Gg          , Aa          , Aa          , Hh^Fp       , Ss          , Ss          , Ww          , Ww          , Ww          , Ww          , Hh^Fp       , Mm          , Md          , Md          , Md          , Hh^Fp       , Hh^Fp       , Mm          , Mm          , Mm          , Mm          , Ce          , Ce          , Ce          , Ha^Fma      , Hh^Fp       , Ww          , Ww          , Ha^Fpa      , Ha^Fpa      , Ms          , Ha^Fpa      , Ha^Vaa      , Ms          
Hh^Fp       , Hh^Fp       , Gs          , Gs          , Gg          , Aa          , Coa         , Aa          , Ss          , Ww          , Ww          , Ss          , Ss          , Ww          , Ww          , Hh^Fp       , Hh^Fp       , Md          , Ms          , Ha^Fpa      , Ms          , Mm          , Mm          , Mm          , Ms          , Ms          , Ha^Fma      , Ha^Fma      , Hh^Fp       , Ww          , Ha^Fpa      , Ww          , Ha^Fpa      , Ms          , Ms          , Ha^Fpa      , Ms          , Ms          
Mm          , Ha^Fma      , Aa          , Gs          , Gs          , Cea         , Koa         , Coa         , Hh^Fp       , Ss          , Ww          , Ss          , Hh^Fp       , Ss          , Ss          , Ww          , Hh^Fp       , Ha^Fpa      , Ha^Fma      , Ha^Fma      , Ms          , Ms          , Hh^Fp       , Hh^Fp       , Ms          , Ha^Fma      , Hh^Fp       , Hh^Fp       , Ww          , Ww          , Ha^Fpa      , Ha^Fpa      , Ha^Fpa      , Ms          , Ha^Fpa      , Ms          , Ha^Fpa      , Ms          
Ss          , Mm          , Aa          , Aa          , Hh^Fp       , Ha^Fpa      , Coa         , Cea         , Coa         , Ss          , Ww          , Ss          , Hh^Fp       , Hh^Fp       , Ss          , Ww          , Ww          , Hh^Fp       , Ha^Fma      , Ha^Fma      , Ha^Vaa      , Ms          , Mm          , Ha^Fma      , Ms          , Ha^Fma      , Hh^Fp       , Ww          , Aa          , Aa          , Ha^Fpa      , Ms          , Ms          , Ms          , Ha^Fpa      , Ha^Fpa      , Ms          , Ms          
Ww          , Ss          , Ss          , Hh^Fp       , Ss          , Ss          , Ss          , Ss          , Ss          , Ss          , Wwf         , Hh^Fp       , Mm          , Hh^Fp       , Hh^Fp       , Ss          , Ww          , Hh^Fp       , Hh^Fp       , Hh^Fp       , Ww          , Hh^Fp       , Hh^Fp       , Ha^Fma      , Hh^Fp       , Hh^Fp       , Ww          , Ww          , Aa          , Ha^Vaa      , Ha^Fpa      , Ms          , Ms          , Ms          , Ms          , Ms          , Ha^Fpa      , Ha^Fpa      
Ss          , Ww          , Ww          , Ss          , Ww          , Wwf         , Wwf         , Ss          , Wwf         , Wwf         , Hh^Fp       , Hh^Fp       , Ha^Fpa      , Mm          , Ha^Fpa      , Hh^Fp       , Hh^Fp       , Ww          , Ww          , Ww          , Ss          , Ww          , Ww          , Hh^Fp       , Ww          , Ww          , Aa          , Aa          , Ha^Fpa      , Ha^Fpa      , Ms          , Ms          , Ha^Fpa      , Ha^Fpa      , Ha^Fpa      , Ha^Fpa      , Aa          , Aa          
Hh^Fp       , Ss          , Ss          , Ww          , Ss          , Ss          , Ss          , Ss          , Ss          , Hh^Fp       , Hh^Fp       , Ha^Voa      , Ms          , Ms          , Ms          , Ha^Fma      , Ss          , Ss          , Hh^Fp       , Ss          , Ss          , Ww          , Ss          , Ww          , Aa          , Aa          , Ha^Fpa      , Ha^Fpa      , Ms          , Ms          , Ha^Fpa      , Ha^Fpa      , Aa          , Aa          , Aa          , Aa          , Ai          , Ai          
Ms          , Hh^Fp       , Hh^Fp       , Ss          , Hh^Fp       , Hh^Fp       , Hh^Fp       , Hh^Fp       , Ss          , Hh^Fp       , Ms          , Ha^Fpa      , Ms          , Ms          , Ms          , Ha^Fma      , Ms          , Ss          , Ha^Fma      , Hh^Fp       , Ww          , Ww          , Ss          , Ss          , Ai          , Aa          , Ha^Fpa      , Ms          , Aa          , Ha^Fpa      , Aa          , Aa          , Ai          , Ai          , Ai          , Ai          , Aa          , Aa          
Ms          , Ms          , Md          , Ss          , Md          , Mm          , Md          , Ss          , Md          , Md          , Ms          , Ms          , Ha^Fpa      , Ms          , Mm          , Ms          , Mm          , Mm          , Hh^Fp       , Hh^Fp       , Ww          , Ss          , Ss          , Ai          , Ai          , Aa          , Aa          , Aa          , Ai          , Aa          , Ai          , Ai          , Aa          , Aa          , Aa          , Aa          , Ha^Fpa      , Ha^Fpa      
Md          , Md          , Ss          , Ss          , Md          , Md          , Ss          , Ss          , Md          , Ms          , Ms          , Ha^Fma      , Hh^Fp       , Mm          , Hh^Fp       , Mm          , Hh^Fp       , Hh^Fp       , Ww          , Ww          , Ss          , Ss          , Ai          , Ai          , Aa          , Ai          , Ai          , Ai          , Aa          , Ai          , Aa          , Aa          , Ha^Fpa      , Ha^Fpa      , Coa         , Ha^Fpa      , Ms          , Ms          
Md          , Md          , Ss          , Md          , Hh^Fp       , Ss          , Hh^Fp       , Hh^Fp       , Ms          , Ms          , Ha^Fpa      , Ha^Fpa      , Ms          , Hh^Fp       , Ss          , Hh^Fp       , Ww          , Ss          , Ww          , Ss          , Ai          , Ai          , Aa          , Aa          , Aa          , Aa          , Aa          , Aa          , Ha^Fpa      , Aa          , Ha^Fpa      , Ha^Vaa      , Ms          , Coa         , 3 Kea       , Coa         , Ms          , Ms          
Md          , Md          , Ss          , Md          , Md          , Ss          , Hh^Fp       , Ms          , Ms          , Hh^Fp       , Ms          , Ms          , Ss          , Hh^Fp       , Ww          , Ww          , Ss          , Ww          , Ss          , Ss          , Ai          , Aa^Vaa      , Aa          , Ha^Fpa      , Ha^Fpa      , Ha^Fpa      , Ha^Fpa      , Ha^Fpa      , Ms          , Ha^Fpa      , Ms          , Ms          , Ms^Xm       , Ms          , Ms          , Ms          , Ms^Xm       , Ms^Xm       
Md          , Ss          , Md          , Md          , Ss          , Ss          , Hh^Fp       , Ha^Voa      , Ms          , Ha^Fpa      , Ms          , Hh^Fp       , Hh^Fp       , Ss          , Ww          , Ss          , Ai          , Ss          , Ai          , Ai          , Aa          , Aa          , Ha^Fpa      , Ha^Fpa      , Ms          , Ha^Fpa      , Ms          , Ms          , Ms          , Ms          , Ms^Xm       , Ms^Xm       , Ms          , Ms          , Ms          , Ms          , Ms          , Ms          
Md          , Ss          , Ss          , Ss          , Hh^Fp       , Ss          , Hh^Fp       , Ms          , Ha^Fpa      , Ha^Fpa      , Mm          , Hh^Fp       , Hh^Fp       , Wwf         , Ww          , Ss          , Ha^Fpa      , Ai          , Ha^Fpa      , Aa          , Aa          , Ha^Fpa      , Ms          , Ms          , Ms          , Ms          , Ms          , Ms          , Ms^Xm       , Ms^Xm       , Ms^Xm       , Ms^Xm       , Ms          , Ha^Vaa      , Ha^Fpa      , Ha^Fpa      , Ha^Fpa      , Ha^Fpa      
Ss          , Ss          , Ss          , Hh^Fp       , Mm          , Mm          , Ms          , Ms          , Ha^Fpa      , Mm          , Mm          , Hh^Fp       , Wwf         , Ww          , Ww          , Ha^Fpa      , Ms          , Ha^Fpa      , Ms          , Ha^Fpa      , Ha^Fpa      , Ha^Fpa      , Ms          , Ms          , Ms          , Ms          , Ms^Xm       , Ms^Xm       , Ms          , Ms^Xm       , Ms          , Ms^Xm       , Ms          , Ha^Fpa      , Ai          , Ai          , Ai          , Ai          
Mm          , Ss          , Hh^Fp       , Hh^Fp       , Mm          , Mm          , Ms          , Ha^Fpa      , Ms          , Ms          , Hh^Fp       , Hh^Fp       , Ww          , Ww          , Ha^Fpa      , Ha^Fpa      , Ms          , Ms          , Ms          , Ha^Fpa      , Ms          , Ms          , Ms^Xm       , Ms          , Ms^Xm       , Ms^Xm       , Ms          , Ms          , Ha^Fpa      , Ms          , Ha^Fpa      , Ms          , Ha^Fpa      , Ai          , Ha^Fpa      , Ha^Fpa      , Ha^Fpa      , Ha^Fpa      
Mm          , Ss          , Mm          , Mm          , Ms          , Ms          , Cea         , Cea         , Cea         , Hh^Fp       , Hh^Fp       , Hh^Fp       , Ww          , Ww          , Ha^Fpa      , Ha^Fpa      , Ms          , Ms          , Ms          , Ms          , Ms^Xm       , Ms^Xm       , Ms          , Ms^Xm       , Ms          , Ms          , Ms          , Ms          , Ms          , Ha^Fpa      , Ms          , Ha^Fpa      , Ha^Fpa      , Ai          , Ai          , Ms          , Coa         , Ms          
Mm          , Ss          , Hh^Fp       , Ha^Fma      , Ha^Fma      , Ms          , Cea         , 4 Kea       , Cea         , Ms          , Hh^Fp       , Ww          , Ai          , Ha^Fpa      , Ha^Vaa      , Ms          , Ms          , Ms          , Ms^Xm       , Ms^Xm       , Ms          , Ms          , Ha^Fpa      , Ms          , Ha^Fpa      , Ha^Fpa      , Ms          , Ms          , Ms          , Ms          , Ms          , Ha^Fpa      , Ha^Fpa      , Ha^Fpa      , Ai          , Ha^Fpa      , Ms          , Ms          
Ss          , Ss          , Ss          , Hh^Fp       , Ss          , Ha^Fma      , Hh^Fp       , Cea         , Hh^Fp       , Ms          , Hh^Fp       , Hh^Fp       , Ai          , Ha^Fpa      , Ha^Fpa      , Ms          , Ms^Xm       , Ms^Xm       , Ms          , Ms          , Ms          , Ha^Fpa      , Ms          , Ha^Fpa      , Ms          , Ms          , Ms          , Aa^Vea      , Ha^Fpa      , Ms          , Aa^Vea      , Ms          , Ha^Fpa      , Aa^Vea      , Ha^Fpa      , Ai          , Ha^Fpa      , Ha^Fpa      
Mm          , Ss          , Ww          , Ss          , Hh^Fp       , Hh^Fp       , Ss          , Hh^Fp       , Hh^Fp       , Hh^Fp       , Aa          , Hh^Fp       , Ai          , Ha^Fpa      , Ms          , Ms          , Ms^Xm       , Ms^Xm       , Ms^Xm       , Ms          , Ms          , Ms          , Ms          , Ms          , Ha^Fpa      , Ha^Fpa      , Ha^Fpa      , Ha^Fpa      , Cha         , Ha^Fpa      , Ha^Fpa      , Ha^Fpa      , Aa          , Aa          , Ha^Fpa      , Ai          , Ha^Fpa      , Ha^Fpa      
Mm          , Ss          , Ss          , Ss          , Ss          , Ss          , Hh^Fp       , Ss          , Ww          , Ww          , Aa          , Ai          , Ha^Fpa      , Ha^Fpa      , Ms          , Ms^Xm       , Ms          , Ms^Xm       , Ms          , Ms          , Ms          , Ms          , Ms          , Ms          , Ha^Fpa      , Aa^Vea      , Aa          , Aa          , Aa          , Ai          , Ai          , Ai          , Ai          , Ai          , Ai          , Ai          , Ha^Fpa      , Ms          
Mm          , Ss          , Ww          , Hh^Fp       , Ms          , Ss          , Hh^Vo       , Ai          , Ww          , Aa          , Ww          , Ha^Fpa      , Ms          , Ms          , Ms          , Ms          , Ms          , Ms          , Ms          , Ha^Vaa      , Ms          , Ms          , Ms          , Ha^Fpa      , Ha^Fpa      , Aa          , Aa          , Aa          , Cha         , Aa          , Cha         , Aa          , Aa          , Aa          , Ai          , Ha^Fpa      , Ha^Fpa      , Ms          
Ms          , Mm          , Ss          , Hh^Fp       , Ms          , Hh^Fp       , Ha          , Ai          , Aa          , Ai          , Ha^Fpa      , Ha^Fpa      , Ms          , Ms          , Ms          , Ms          , Cha         , Ms          , Ms          , Ms          , Ms          , Ms          , Ms          , Aa^Vea      , Ha^Fpa      , Aa          , Aa          , Aa          , Aa          , Cha         , Ha^Fpa      , 2 Kha       , Ha^Fpa      , Ha^Fpa      , Ha^Fpa      , Ai          , Ha^Fpa      , Ms          
Ms          , Hh^Fp       , Hh^Fp       , Ss          , Hh^Fp       , Ha          , Ai          , Ai          , Aa          , Ai          , Ha^Fpa      , Ms          , Ms          , Ms          , Ms          , Ms          , Ms          , Ms          , Ms          , Ms          , Ms^Xm       , Ms^Xm       , Ms^Xm       , Ms          , Ms          , Ha^Fpa      , Aa          , Ha^Fpa      , Ha^Fpa      , Ha^Fpa      , Ms          , Ha^Fpa      , Ha^Fpa      , Ha^Vhca     , Ha^Fpa      , Ai          , Ha^Fpa      , Ms          
Ms          , Ms          , Hh^Fp       , Ss          , Ss          , Ai          , Ms          , Ms          , Ai          , Ai          , Ha^Fpa      , Ms          , Ha^Fpa      , Ms          , Ms          , Ms          , Ha^Fpa      , Ms          , Ha^Fpa      , Ms          , Ms          , Ms^Xm       , Ms^Xm       , Ms^Xm       , Ms          , Aa^Vea      , Ha^Fpa      , Ha^Fpa      , Ha^Fpa      , Aa^Vea      , Ha^Fpa      , Ms          , Ms          , Ha^Fpa      , Ai          , Ai          , Ha^Fpa      , Ha^Fpa      
Ms          , Ms          , Hh^Fp       , Ss          , Ss          , Ai          , Ai          , Ms          , Ai          , Ai          , Ai          , Ha^Fpa      , Ai          , Ha^Fpa      , Ai          , Ha^Fpa      , Ai          , Ha^Fpa      , Ai          , Ha^Fpa      , Ha^Fpa      , Ms          , Ms          , Ms^Xm       , Ms^Xm       , Ms          , Ms          , Ms          , Ms          , Ms          , Ms          , Ha^Fpa      , Ms          , Ha^Fpa      , Ai          , Ai          , Ai          , Ms          
Hh^Fds      , Hh^Fds      , Ss          , Hh^Fds      , Ss          , Ww          , Ss          , Ai          , Ss          , Ww          , Ww          , Ai          , Ww          , Ai          , Ww          , Ai          , Ww          , Ai          , Ww          , Ai          , Ai          , Ha^Fpa      , Ha^Fpa      , Ms          , Ms          , Ms          , Ms          , Ms          , Ha^Fpa      , Ms          , Ha^Fpa      , Ha^Fpa      , Ai          , Ai          , Ha^Fpa      , Ha^Fpa      , Ha^Fpa      , Ai          
Ss          , Ss          , Ss^Vht      , Ss          , Ss          , Ss          , Hh^Fp       , Ss          , Aa          , Aa          , Aa          , Ww          , Ai          , Ww          , Ai          , Ww          , Aa          , Ww          , Aa          , Ww          , Ai          , Ai          , Ai          , Ha^Fpa      , Ha^Fpa      , Ha^Fpa      , Ha^Fpa      , Ha^Fpa      , Ai          , Ha^Fpa      , Ai          , Ai          , Ai          , Ai          , Ha^Fpa      , Ha^Fpa      , Ms          , Ha^Fpa      
Hh^Fp       , Ss          , Hh^Fp       , Hh^Fp       , Hh^Fp       , Hh^Fp       , Hh^Fp       , Hh^Fms      , Ha^Fpa      , Ha^Fpa      , Aa          , Aa          , Aa          , Aa          , Aa          , Aa          , Ha^Fpa      , Aa          , Ha^Vaa      , Aa          , Ha^Fpa      , Ai          , Ha^Fpa      , Ai          , Ai          , Ai          , Ai          , Ai          , Ha^Fpa      , Ai          , Ha^Fpa      , Ai          , Ha^Fpa      , Ha^Fpa      , Ms          , Ms          , Ms          , Ms          
Hh^Fp       , Hh^Fp       , Ms          , Ms          , Ms          , Ms          , Ms          , Ms          , Ms          , Ms          , Ms          , Ha^Fpa      , Ha^Fpa      , Ha^Fpa      , Ha^Fpa      , Ha^Fpa      , Ms          , Ha^Fpa      , Ha^Fpa      , Ha^Fpa      , Ms          , Ha^Fpa      , Ha^Fpa      , Ha^Fpa      , Ha^Fpa      , Ha^Fpa      , Ha^Fpa      , Ha^Fpa      , Ha^Fpa      , Ha^Fpa      , Ha^Fpa      , Ha^Fpa      , Ms          , Ms          , Ms          , Ms          , Ms          , Ms          
