border_size=1
usage=map

Ms          , Ms          , Ha^Fpa      , Ms          , Ms          , Ms          , Ha^Fpa      , Ms          , Ms          , Ms          , Ms          , Ms          , Ms          , Ms          , Ms          , Ms          , Ms          , Ms          , Ms          , Ms          , Ha^Fpa      , Ww          , Ha^Fpa      , Ms          , Ms          , Ms          , Ms          , Ms          , Ms          , Ms          , Ms          , Ms          , Ms          , Hh^Fp       , Ms          
Ha^Fpa      , Ha^Fma      , Ww          , Ha^Fpa      , Ww          , Ha^Fpa      , Ww          , Ha^Fpa      , Ha^Fpa      , Ms          , Ms          , Ms          , Ms          , Ms          , Ms          , Ms          , Ms          , Ms          , Ms          , Ha^Fpa      , Ww          , Ww          , Ha^Fpa      , Ms          , Ms          , Ms          , Ms          , Ms          , Ms          , Ms          , Ms          , Ms          , Ms          , Ms          , Ms          
Ha^Fpa      , Ww          , Hh^Fp       , Ww          , Hh^Fp       , Ww          , Hh^Fp       , Ww          , Ww          , Ha^Fpa      , Ha^Fpa      , Ms          , Ha^Fpa      , Ms          , Ms          , Ms          , Ha^Fpa      , Ha^Vaa      , Ha^Fpa      , Ha^Fpa      , Ww          , Ha^Fpa      , Ms          , Ms          , Ms          , Ms          , Cea         , Cea         , Cea         , Ms          , Ms          , Ms          , Ms          , Ms          , Ms          
Ww          , Ww          , Mm          , Mm          , Ha^Fpa      , Mm          , Mm          , Mm          , Ha^Fpa      , Ww          , Hh^Fp       , Hh^Fp       , Hh^Fp       , Hh^Fp       , Ha^Fpa      , Ms          , Ha^Fpa      , Ha^Fpa      , Aa          , Ww          , Ha^Fpa      , Ha^Fpa      , Ms          , Ms          , Hh^Fp       , Ms          , Cea         , 1 Kea       , Cea         , Ms          , Ha^Fpa      , Mm          , Mm          , Ms          , Ms          
Hh^Fp       , Mm          , Ha^Fpa      , Ha^Fpa      , Ha^Fpa      , Ha^Fpa      , Ha^Fpa      , Ha^Fpa      , Ha^Fpa      , Ww          , Ww          , Ww          , Ww          , Ha^Fpa      , Ww          , Ha^Fpa      , Ww          , Aa          , Ww          , Ww          , Ha^Fpa      , Ms          , Ha^Fpa      , Hh^Fp       , Hh^Fp       , Ms          , Hh^Fp       , Cea         , Ha^Fpa      , Ha^Fpa      , Ha^Vaa      , Ha^Fpa      , Ms          , Ms          , Ms          
Mm          , Ha^Fpa      , Hh^Fp       , Aa          , Aa          , Aa          , Aa          , Aa          , Gll^Fp      , Hh^Fp       , Hh^Fp       , Ha^Fpa      , Aa          , Ww          , Hh^Fp       , Ww          , Ha^Fpa      , Ww          , Aa          , Aa          , Ha^Fpa      , Ha^Fpa      , Ai          , Ha^Fpa      , Ss          , Ha^Fpa      , Hh^Fp       , Hh^Fp       , Ha^Fpa      , Ha^Fpa      , Ha^Fpa      , Ha^Fpa      , Ms          , Ha          , Ms          
Mm          , Ha^Fpa      , Hh^Fp       , Aa^Vdy      , Aa          , Aa          , Aa          , Gll^Fp      , Gll^Fp      , Hh^Fp       , Aa          , Aa          , Aa          , Gs^Vc       , Hh^Fp       , Ha^Fpa      , Ss          , Ss          , Ai          , Ai          , Ai          , Ai          , Aa          , Ai          , Ss          , Ss          , Ss          , Gs          , Hh^Fp       , Hh^Fp       , Hh^Fp       , Ha^Fpa      , Ms          , Ms          , Ms          
Mm          , Ha^Fpa      , Mm          , Ha^Fpa      , Aa          , Aa          , Cea         , Aa          , Hh^Fp       , Hh^Fp       , Aa          , Aa          , Aa          , Gs          , Gs          , Ss          , Ss          , Ai          , Aa          , Ai          , Aa          , Aa          , Aa^Vaa      , Aa          , Wwf         , Wwf         , Gs          , Gs          , Hh^Fp       , Hh^Fp       , Hh^Fp       , Ha^Fpa      , Ms          , Ms          , Ms          
Ms          , Mm          , Hh^Fp       , Hh^Fp       , Aa          , Cea         , 4 Kea       , Cea         , Aa          , Aa          , Gs          , Aa          , Gs          , Gs          , Ss          , Ss^Bw\      , Wwf         , Aa          , Wwf         , Aa          , Wwf         , Aa          , Aa          , Aa          , Wwf         , Ss          , Ss          , Gs          , Hh^Fp       , Hh^Fp       , Hh^Fp       , Ha^Fpa      , Ms          , Ms          , Ha^Fpa      
Ha^Fpa      , Ha^Fpa      , Aa          , Hh^Fp       , Aa          , Cea         , Ce          , Ce          , Gs          , Gs          , Ss          , Gs          , Ss          , Ss          , Ss          , Ss          , Aa          , Aa          , Aa          , Wwf         , Ai          , Wwf         , Ai          , Wwf         , Ai          , Wwf         , Ss          , Ss          , Ss          , Ss          , Hh^Fp       , Ha^Fpa      , Ha^Fpa      , Ha^Fpa      , Ha^Fpa      
Ha^Fpa      , Ha^Fpa      , Aa          , Aa          , Gs^Fdw      , Aa          , Gs          , Gs          , Gs          , Ss          , Ss          , Ss          , Ww          , Ss          , Ww          , Ss          , Ss          , Aa          , Wwf         , Ai          , Aa          , Aa          , Aa          , Ai          , Ai          , Wwf         , Ss          , Ss          , Aa          , Aa          , Ha^Fpa      , Ha^Fpa      , Ha^Fpa      , Ha^Fpa      , Ha^Fpa      
Aa          , Aa          , Aa          , Gs^Fdw      , Hh^Fp       , Gs          , Ss          , Ss          , Ss^Bw|      , Ss^Vhs      , Ss          , Ww          , Wo          , Ww          , Ss          , Ss          , Ai          , Ai          , Wwf         , Aa          , Ha^Fpa      , Ha^Fpa      , Ha^Fpa      , Aa          , Ai          , Ai          , Ww          , Ss          , Ss          , Aa          , Ha^Fpa      , Ha^Fpa      , Ha^Vaa      , Ha^Fpa      , Ha^Fpa      
Aa          , Aa^Vdy      , Ai          , Gs^Fdw      , Hh^Fp       , Gs          , Ss          , Ss          , Gs          , Gll^Fp      , Ss          , Ww          , Ww          , Ww          , Ss          , Ai          , Aa          , Aa          , Ai          , Aa          , Ha^Fpa      , Ha^Fpa      , Aa          , Aa          , Ai          , Ai          , Ww          , Ss          , Ai          , Aa          , Aa          , Aa          , Aa          , Ha^Fpa      , Ha^Fpa      
Aa          , Ai          , Ai          , Gs          , Gs          , Gs          , Ss          , Gd^Fmw      , Aa^Fpa      , Gs          , Ss          , Ww          , Ss          , Ss          , Gs          , Wwf         , Ai          , Wo          , Aa          , Aa          , Aa          , Aa          , Ai          , Ai          , Ai          , Wo          , Wo          , Ww          , Ww          , Ai          , Aa          , Aa          , Aa          , Ha^Fpa      , Aa          
Aa          , Aa          , Ai          , Ss          , Ss          , Ss          , Ai          , Aa^Fpa      , Gd^Fmw      , Gs          , Gs          , Ss          , Gs          , Gs          , Aa          , Ai          , Aa          , Aa          , Aa          , Aa^Vaa      , Aa          , Aa          , Ai          , Wo          , Wo          , Ai          , Ai          , Ai          , Ai          , Ai          , Ai          , Ai          , Ai          , Aa          , Ai          
Ai          , Ai          , Ss          , Ss          , Aa^Fpa      , Ha^Fpa      , Ha^Fpa      , Aa^Fpa      , Gd^Fmw      , Gd^Fmw      , Gd^Fmw      , Gs          , Gd^Fmw      , Gd^Fmw      , Aa          , Aa          , Ai          , Aa          , Aa          , Aa          , Aa          , Aa          , Ai          , Wo          , Ai          , Ai          , Aa          , Aa          , Ai          , Ai          , Ww          , Ai          , Wo          , Ai          , Wo          
Ss          , Ss          , Ai          , Ha^Fpa      , Ms          , Ms          , Ha^Fpa      , Gd^Fmw      , Gd^Fmw      , Gd^Fmw      , Gs          , Gs          , Aa          , Aa          , Ai          , Ai          , Ss          , Ai          , Aa          , Aa          , Ai          , Aa          , Aa          , Ai          , Aa          , Aa^Vaa      , Aa          , Aa          , Ai          , Ww          , Wo          , Wo          , Wo          , Wo          , Wo          
Ai          , Ss          , Ai          , Ha^Fpa      , Ha^Fpa      , Ha^Fpa      , Aa          , Aa          , Ai          , Ss          , Gs          , Gs^Vht      , Ai          , Aa          , Ai          , Ww          , Ss          , Ai          , Ai          , Ai          , Ai          , Aa          , Ai          , Aa          , Ai          , Aa          , Ai          , Ai          , Wo          , Wo          , Wo          , Wo          , Wo          , Wo          , Wo          
Mm          , Ai          , Ss          , Ai          , Ai          , Aa          , Ai          , Ai          , Ss          , Ss          , Ss          , Ss          , Ss          , Ai          , Wo          , Ww          , Ww          , Ss          , Ss          , Ss          , Ss          , Ai          , Wwg         , Ai          , Ww          , Ai          , Ww          , Ww          , Wo          , Wo          , Wo          , Wo          , Wo          , Wo          , Wo          
Aa          , Aa          , Ss          , Ss          , Ss          , Ss          , Ss          , Ss          , Ww          , Ww          , Ww          , Ww          , Ww          , Ww          , Wo          , Wo          , Wo          , Ww          , Ww          , Ww          , Ww          , Wwg         , Wwg         , Wwg         , Ww          , Ww          , Wo          , Wo          , Wo          , Wo          , Ww          , Ai          , Ai          , Ai          , Ai          
Aa          , Aa          , Aa^Fma      , Aa          , Aa          , Ss          , Ss          , Ww          , Ss          , Ss          , Ww          , Wo          , Wo          , Wo          , Wo          , Wo          , Wo          , Wo          , Wo          , Wo          , Wo          , Ww          , Ww          , Wwg         , Ww          , Wo          , Wo          , Wo          , Ww          , Ww          , Ai          , Ai          , Aa          , Aa          , Aa          
Aa          , Aa          , Ha^Fpa      , Ha^Vdy      , Ha^Fpa      , Ai          , Ai          , Wwf         , Ss          , Ss          , Ce          , Wo          , Ww          , Ww          , Ww          , Wo          , Ww          , Wo          , Ww          , Wo          , Wo          , Wo          , Wo          , Ww          , Wo          , Wo          , Wo          , Wo          , Chw         , Ai          , Aa          , Ai          , Aa          , Aa^Vaa      , Aa          
Aa          , Ha^Fpa      , Ms          , Ms          , Ha^Fpa      , Gs^Fdw      , Gs          , Wwf         , Ss          , Ce          , 2 Ke        , Ce          , Ss          , Ss          , Ss          , Ww          , Ss          , Ww          , Wwg         , Ww          , Ww          , Wo          , Ww          , Wo          , Ww          , Ww          , Ss          , Chw         , 3 Khw       , Chw         , Aa          , Aa          , Aa          , Aa          , Aa          
Aa          , Ha^Fpa      , Mm          , Ms          , Mm          , Gs^Fdw      , Ss          , Ss          , Gs          , Ce          , Cea         , Ce          , Ss          , Ss          , Ss          , Ss          , Ss^Vm       , Ss          , Wwg         , Wwg         , Wwg         , Ww          , Ww          , Ww          , Ss          , Ww          , Ss          , Chw         , Chw         , Chs         , Ai          , Aa          , Ai          , Aa          , Aa          
Hh^Fp       , Hh^Fp       , Gs^Fdw      , Mm          , Hh^Fp       , Ai          , Wwf         , Ss          , Ss          , Aa          , Aa          , Aa          , Gs          , Ss          , Gs          , Ss          , Wwf         , Wwf         , Wwg         , Wwg         , Ss          , Ss          , Ss          , Ss          , Ss          , Ss          , Gs          , Ss          , Ss          , Ss          , Ss          , Ai          , Ai          , Ai          , Ai          
Gs^Fdw      , Gs^Fdw      , Gs^Fdw      , Hh^Fp       , Aa          , Ai          , Ai          , Wwf         , Wwf         , Aa          , Aa          , Aa          , Aa          , Gs          , Gs          , Gs          , Gs          , Wwf         , Wwf         , Wwf         , Ss          , Gs          , Gs          , Gs          , Gs          , Gs          , Gs          , Gs          , Aa          , Aa^Fpa      , Aa^Fpa      , Aa^Fpa      , Ai          , Aa          , Ai          
Gs^Fdw      , Gs^Fdw      , Ha^Fpa      , Ha^Fpa      , Ha^Fpa      , Aa^Vaa      , Aa          , Ai          , Ss          , Ss          , Ss          , Ss          , Ss          , Gs          , Ss          , Gs          , Ss          , Wwf         , Wwf         , Wwf         , Wwf         , Wwf         , Wwf         , Gs          , Wwf         , Gs          , Gs          , Aa          , Aa^Vaa      , Aa          , Aa^Fpa      , Aa^Fpa      , Aa^Fpa      , Ai          , Aa          
Aa          , Ha^Fpa      , Ms          , Ms          , Ms          , Ha^Fpa      , Aa          , Ai          , Ai          , Ss          , Ai          , Ss          , Ss          , Ss          , Ss          , Ss          , Ss          , Ss          , Ww          , Ww          , Ww          , Ww          , Ww          , Wwf         , Wwf         , Ai          , Aa          , Aa          , Aa          , Aa          , Aa^Fpa      , Aa^Fpa      , Aa^Fpa      , Aa          , Aa          
Ha^Fpa      , Ms          , Ms          , Ms^Xm       , Ms^Xm       , Ha^Fpa      , Ha^Fpa      , Aa          , Aa          , Ai          , Aa          , Ai          , Ai          , Ai          , Ai          , Ai          , Ai          , Ai          , Wwg         , Wwg         , Ww          , Ww          , Ww          , Ai          , Ai          , Ai          , Aa          , Aa          , Aa          , Aa          , Aa^Fpa      , Aa^Fpa      , Aa^Fpa      , Aa          , Aa          
Mm          , Ms          , Ms          , Ms          , Ms          , Ms^Xm       , Ms^Xm       , Ha^Fpa      , Ha^Fpa      , Aa          , Ha^Fpa      , Aa          , Aa          , Ai          , Aa          , Ai          , Aa          , Ai          , Ai          , Wwg         , Ai          , Ai          , Ai          , Ww          , Ai          , Ai          , Ai          , Aa          , Aa          , Aa          , Aa          , Aa^Fpa      , Aa          , Aa          , Aa          
Hh          , Mm          , Ha          , Ms          , Ms          , Ms          , Ms          , Ms^Xm       , Ms^Xm       , Ha^Fpa      , Ms          , Ha^Fpa      , Ha^Fpa      , Aa          , Aa          , Aa          , Aa          , Ai          , Aa          , Ai          , Aa          , Aa          , Aa          , Ai          , Ai          , Ai          , Ai          , Aa          , Aa          , Aa          , Aa          , Aa          , Aa          , Aa          , Aa          
Hh          , Ha          , Hh          , Ha          , Ms          , Ms          , Ms          , Ms          , Ms          , Ms          , Ms^Xm       , Ms          , Ms          , Ha^Fpa      , Ha^Fpa      , Aa          , Aa          , Aa          , Aa          , Aa          , Aa          , Aa          , Aa          , Ai          , Aa          , Ai          , Ai          , Ai          , Ai          , Aa          , Aa          , Aa          , Aa          , Aa          , Aa          
