border_size=1
usage=map

Ms          , Ms          , Ms          , Ms          , Ms          , Ms          , Ms          , Ha^Fpa      , Aa          , Aa          , Aa          , Ha^Fpa      , Ha^Fpa      , Ms          , Ha^Fpa      , Ha^Fpa      , Aa          , Aa          , Ai          , Ai          , Ai          , Aa          , Aa          , Aa          , Aa          , Ds          , Ds          , Ds          , Hd          , Hd          , Hd          , Hd          , Ds          , Ds          , Aa          , Ds          , Rd          , Rd          
Ms          , Ms          , Ha^Fpa      , Ha^Fpa      , Ha^Fpa      , Ha^Fpa      , Ha^Fpa      , Ha^Fpa      , Ai          , Aa          , Aa          , Aa          , Aa          , Ha^Fpa      , Ha^Fpa      , Aa          , Aa^Voa      , Aa          , Ai          , Ss          , Ss          , Ai          , Ai          , Aa          , Aa          , Ds          , Aa          , Ds          , Ds          , Hd          , Ds          , Hd          , Ds          , Aa          , Aa          , Rd          , Aa          , Aa          
Ms          , Ms          , Ms          , Ha^Vhha     , Ms          , Ms          , Ha^Fpa      , Ai          , Ss          , Ai          , Ai          , Aa          , Ai          , Aa          , Aa          , Aa          , Aa          , Aa          , Ai          , Ss          , Aa          , Ss          , Ss          , Ai          , Aa          , Aa          , Aa^Voa      , Aa          , Aa          , Ds          , Ds          , Ds          , Cea         , Cea         , Cea         , Rd          , Ds          , Aa          
Ms          , Ms          , Ms          , Ms          , Ha^Fpa      , Ha^Fpa      , Ai          , Ai          , Gs^Ft       , Ss          , Ss          , Ai          , Ss          , Ai          , Ai          , Ai          , Ai          , Ai          , Ss          , Ss          , Aa          , Aa          , Ss          , Ai          , Aa          , Aa          , Hd          , Aa          , Hd          , Ds          , Aa          , Aa          , Cea         , 1 Kea       , Ce          , Ds          , Dd          , Aa          
Ms          , Ms          , Ms          , Ha^Fpa      , Ha^Fpa      , Ha^Fpa      , Ai          , Aa          , Aa          , Gs^Ft       , Gs^Ft       , Ss          , Gs^Ft       , Ss          , Ai          , Ai          , Gs^Ft       , Ss          , Cea         , Cea         , Cea         , Ai          , Ss          , Ss          , Ds          , Hd          , Rd          , Hd          , Rd          , Rd          , Aa          , Aa          , Aa          , Cea         , Ds          , Ds          , Dd          , Dd          
Ms          , Ms          , Ms          , Ha^Fpa      , Ha^Fpa      , Ai          , Aa          , Aa          , Hd          , Gs^Ft       , Gs^Ft       , Gs^Ft       , Gs^Ft       , Ss          , Gs^Ft       , Gs^Ft       , Ha          , Gs^Ft       , Ce          , 2 Kea       , Ce          , Aa          , Ds          , Ss          , Ss^Bw/      , Rd          , Ss          , Rd          , Aa          , Ds          , Ds          , Aa          , Ds          , Aa          , Ds          , Dd          , Dd^Vda      , Dd          
Ms          , Ms          , Ms          , Ha^Fpa      , Coa         , Ai          , Aa          , Ds          , Ds          , Hd          , Aa^Voa      , Aa          , Aa          , Gs^Ft       , Aa          , Ha          , Hd          , Hd          , Ds          , Ce          , Rd          , Ds          , Rd          , Rd          , Ds          , Ss          , Gs^Ft       , Ss          , Ss          , Aa          , Ds          , Ds          , Ds          , Ds          , Dd          , Dd          , Dd          , Dd          
Ms          , Ms          , Ha^Fpa      , Ha^Fpa      , Ai          , Aa          , Aa          , Aa          , Aa          , Aa          , Aa          , Aa          , Aa          , Aa          , Ds          , Ds          , Ds          , Ds          , Rd          , Rd          , Ds          , Rd          , Ds          , Ds          , Ce          , Gs^Ft       , Gs^Ft       , Gs^Ft       , Ss          , Aa          , Ss          , Ss          , Ss          , Ds          , Gs^Ft       , Dd          , Aa          , Aa          
Ms          , Ms          , Ha^Fpa      , Ha^Fpa      , Ai          , Aa          , Gs^Ft       , Gs^Ft       , Ds          , Aa          , Ds          , Gs^Ft       , Gs^Ft       , Aa          , Aa          , Ds          , Ds          , Rd          , Aa          , Ds          , Hd          , Ds          , Aa          , Ds          , Ce          , 4 Ke        , Ce          , Gs^Ft       , Gs^Ft       , Ss          , Ss          , Ss          , Ai          , Ss          , Ss          , Gs^Ft       , Ds          , Ha^Fpa      
Ms          , Ms          , Ha^Fpa      , Ha^Fpa      , Ai          , Aa          , Gs^Ft       , Ds          , Ds          , Aa          , Ds          , Ds          , Aa          , Aa          , Aa          , Aa          , Rd          , Rd          , Aa          , Aa          , Aa          , Hd          , Aa          , Aa          , Ds          , Ce          , Ds          , Gs^Ft       , Ss          , Ss          , Ai          , Ai          , Aa          , Ss          , Ss          , Aa          , Ds          , Hd          
Ms          , Ha^Fpa      , Ha^Fpa      , Ha^Fpa      , Ai          , Ds          , Hh^Fp       , Gs^Ft       , Coa         , Ds          , Ds          , Ds          , Ds          , Ds          , Ha          , Rd          , Ds          , Aa          , Aa          , Aa^Voa      , Aa          , Ha          , Ha          , Aa          , Aa          , Ds          , Ds          , Gs^Ft       , Ss          , Ss          , Ai          , Aa          , Aa^Vha      , Aa          , Ss          , Aa          , Aa          , Ds          
Ms          , Ha^Fpa      , Ha^Fpa      , Ai          , Ai          , Ai          , Ss          , Coa         , 6 Koa       , Coa         , Ss          , Ds          , Aa          , Ds          , Rd          , Rd          , Hd          , Ds          , Ds          , Aa          , Aa          , Aa          , Aa          , Aa          , Ai          , Aa          , Ai          , Ss          , Ss          , Ai          , Aa          , Aa          , Aa          , Aa          , Ai          , Ss          , Ai          , Aa          
Ms          , Ms          , Ms          , Ha^Fpa      , Mm          , Ss          , Mm          , Coa         , Coa         , Coa         , Ss          , Aa          , Aa          , Ds          , Rd          , Ha          , Ha          , Hd          , Ds          , Ds          , Aa          , Aa          , Ai          , Ai          , Ss          , Ai          , Ss          , Ai          , Ss          , Aa          , Ds          , Ds          , Aa          , Ai          , Ai          , Aa          , Ss          , Ai          
Ms          , Ms          , Ha^Vhha     , Ms          , Ss          , Ss          , Mm          , Ha^Fpa      , Ha^Fpa      , Ha^Fpa      , Ss          , Ha^Fpa      , Ha^Fpa      , Aa          , Rd          , Ds          , Ha          , Ds          , Ds          , Aa          , Aa          , Aa          , Ai          , Ss          , Ss          , Ai          , Ss          , Ss          , Aa          , Aa          , Aa          , Ds          , Ds          , Aa          , Ai          , Ss          , Ss          , Ai          
Ms          , Ms          , Ha^Fpa      , Ha^Fpa      , Ss          , Mm          , Ms          , Ha^Fpa      , Ai          , Ss          , Ha^Fpa      , Ss          , Ha^Fpa      , Aa          , Aa          , Ds          , Hd          , Gs^Ft       , Ds          , Coa         , Ds          , Ds          , Gs^Ft       , Gs^Ft       , Ss          , Ss          , Aa          , Aa          , Aa          , Ds          , Ds          , Ds          , Aa          , Aa          , Ai          , Ss          , Ss          , Aa          
Ha^Fpa      , Ha^Fpa      , Ai          , Ss          , Mm          , Mm          , Ms          , Ha^Fpa      , Ai          , Ms          , Ha^Fpa      , Ss          , Ss          , Aa          , Aa          , Hd          , Hd          , Gs^Ft       , Gs^Ft       , Ss          , Ss          , Ds          , Ss          , Ss          , Gs^Ft       , Gs^Ft       , Ds          , Dd^Vdt      , Ds          , Ds          , Ds          , Ds          , Ds          , Aa          , Aa          , Ai          , Ss          , Aa          
Ha^Fpa      , Ai          , Ai          , Hh^Fp       , Cha         , Ms          , Ha^Fpa      , Ha^Fpa      , Ss          , Ha^Fpa      , Ss          , Ss          , Ss^Bw/      , Aa          , Aa^Vha      , Aa          , Gs^Ft       , Gs^Ft       , Aa          , Ss          , Ss          , Ss          , Ss          , Ss          , Gs^Ft       , Ds          , Hd          , Ds          , Ds          , Ds          , Ds^Dr       , Ds          , Aa          , Aa          , Ai          , Ai          , Ss          , Ss          
Ms          , Ha^Fpa      , Ha^Fpa      , Ai          , Hh^Fp       , Ha^Fpa      , Ai          , Ss          , Ai          , Ss          , Aa          , Ss^Bw/      , Ss          , Aa          , Aa          , Aa          , Aa          , Ss          , Ss          , Ss          , Aa          , Ss          , Ss          , Gs^Ft       , Gs^Ft       , Ds          , Hd          , Hd          , Ds          , Ds          , Ds          , Ds          , Aa          , Aa          , Ai          , Ss          , Ss          , Ss          
Ms          , Ms          , Ha^Fpa      , Ai          , Ai          , Hh^Fp       , Ss          , Ss          , Ai          , Ai          , Ai          , Aa          , Ai          , Ss          , Ss          , Ss          , Ss          , Ss          , Ai          , Aa          , Ss          , Ai          , Aa          , Gs^Ft       , Aa          , Aa          , Ds          , Ds          , Aa          , Ds          , Aa          , Ds          , Ds          , Aa          , Ss          , Ss          , Ss          , Ai          
Ha^Fpa      , Ms          , Ms          , Ha^Fpa      , Ha^Fpa      , Ai          , Ha^Fpa      , Ha^Fpa      , Aa          , Ha^Fpa      , Ha^Fpa      , Aa          , Aa          , Ss          , Ai          , Ss          , Ai          , Ss          , Ai          , Aa          , Ss          , Aa          , Aa          , Aa          , Aa          , Aa          , Ds          , Ds          , Ds          , Aa          , Aa          , Aa          , Ai          , Ss^Bw\      , Ds          , Aa          , Ai          , Ai          
Ha^Fpa      , Ms          , Ha^Fpa      , Ms          , Ha^Fpa      , Ha^Fpa      , Aa          , Aa          , Ms          , Mm          , Mm          , Ha^Fpa      , Aa          , Ai          , Aa          , Aa          , Aa          , Ss          , Ss          , Ss          , Aa^Vha      , Ss          , Ss          , Ss          , Ss          , Ai          , Coa         , Coa         , Coa         , Aa          , Ai          , Ai          , Ss          , Ss          , Ds          , Aa          , Aa          , Aa          
Ms          , Ha^Fpa      , Ha^Fpa      , Ha^Vhha     , Ha^Fpa      , Aa          , Ms          , Ms          , Ms          , Ms          , Ms          , Ha^Fpa      , Ha^Fpa      , Aa          , Hh^Fp       , Hh^Fp       , Hh^Fp       , Hh^Fp       , Ss          , Aa          , Ai          , Aa          , Aa          , Aa          , Ss          , Ss          , Coa         , 5 Koa       , Coa         , Ai          , Ss          , Ss          , Ai          , Ai          , Coa         , Ds          , Ds          , Aa          
Ms          , Ms          , Ms          , Ha^Fpa      , Ha^Fpa      , Aa          , Ha^Fpa      , Ms          , Cha         , Coa         , Coa         , Ha^Fpa      , Ha^Fpa      , Aa          , Hh^Fp       , Mm          , Mm          , Hh^Fp       , Hh^Fp       , Ss          , Ss          , Ha^Fpa      , Ha^Fpa      , Aa          , Ai          , Wo          , Aa          , Coa         , Ha^Fpa      , Ai          , Ww          , Ss          , Ai          , Aa          , Aa          , Ds          , Dd^Vdt      , Ds          
Ms          , Ms          , Ms          , Ms          , Ha          , Aa          , Ha^Fpa      , Ms          , Cha         , 3 Kha       , Coa         , Ms          , Hh^Fp       , Hh^Fp       , Ss          , Ss          , Ss          , Hh^Fp       , Ss          , Ss          , Ha^Fpa      , Ha^Fpa      , Hh^Fp       , Aa          , Ai          , Aa          , Ha^Fpa      , Ha^Fpa      , Ha^Fpa      , Aa          , Ai          , Ww          , Ww          , Ai          , Ss          , Aa          , Aa          , Aa          
Ms          , Ms          , Ms          , Ha          , Aa          , Aa          , Ha^Fpa      , Ha          , Ms          , Cha         , Ms          , Hh^Fp       , Ss          , Ss          , Hh^Fp       , Ss          , Hh^Fp       , Ss          , Ss          , Ha^Fpa      , Ms          , Mm          , Mm          , Hh^Fp       , Ai          , Aa          , Ha^Fpa      , Ms          , Ms          , Ha^Fpa      , Ha^Fpa      , Ss          , Ss          , Ww          , Ww          , Ss          , Ai          , Aa          
Ha^Fpa      , Ha^Fpa      , Ha          , Ha          , Ha^Fpa      , Ha^Fpa      , Ha          , Ms          , Ms          , Ms          , Ai          , Ss          , Hh^Fp       , Hh^Fp       , Ms          , Ha^Vhha     , Ha^Fpa      , Ha^Fpa      , Ai          , Ha^Fpa      , Ms          , Cha         , Ms          , Ai          , Ha^Fpa      , Ha^Fpa      , Ms          , Ms          , Ms          , Ms          , Ha^Fpa      , Ai          , Ai          , Ss          , Ai          , Ss          , Ss          , Ai          
Ha^Fpa      , Ha^Fpa      , Ha^Fpa      , Ms          , Ha          , Ha^Fpa      , Ha          , Ms          , Ha^Fpa      , Ha^Fpa      , Ai          , Ss          , Ai          , Ms          , Ms          , Ms          , Ms          , Ai          , Ha^Fpa      , Ha^Fpa      , Ms          , Ms          , Ai          , Ai          , Ms          , Ms          , Ms          , Ms          , Ha^Fpa      , Ms          , Ha^Fpa      , Ha^Fpa      , Aa          , Ai          , Aa          , Ai          , Ai          , Ss          
Ha^Fpa      , Ha^Fpa      , Ms          , Ms          , Ha^Vhha     , Ha          , Ms          , Ha          , Ai          , Ai          , Ms          , Ai          , Ms          , Ai          , Ai          , Ai          , Ai          , Ai          , Ha^Fpa      , Ms          , Ms          , Ai          , Ms          , Ms          , Ms          , Ms          , Ha^Fpa      , Ha^Fpa      , Ai          , Ha^Fpa      , Ss          , Aa          , Ai          , Aa          , Aa^Vca      , Aa          , Ai          , Ss          
Ms          , Ms          , Ms          , Ms          , Ms          , Ms          , Ai          , Ai          , Ms          , Ms          , Ms          , Ms          , Ms          , Ms          , Ms          , Ms          , Ha^Fpa      , Ai          , Ai          , Ha^Fpa      , Ai          , Ai          , Ha^Fpa      , Ms          , Ms          , Ha^Fpa      , Ai          , Ai          , Aa          , Ww          , Ww          , Ai          , Ai          , Aa          , Aa          , Aa          , Ss          , Ss          
Ms          , Ms          , Ms          , Ms          , Ms          , Ha^Fpa      , Ai          , Ha^Fpa      , Ms          , Ms          , Ms          , Ms          , Ms          , Ms          , Ms          , Ms          , Ms          , Ha^Fpa      , Ha^Fpa      , Ai          , Ha^Fpa      , Ai          , Ai          , Ms          , Ha^Fpa      , Ai          , Ha^Fpa      , Aa          , Aa          , Aa          , Ss          , Ww          , Ss          , Ss          , Ss          , Ss          , Ss          , Ss          
Ms          , Ms          , Ms          , Ms          , Ai          , Ai          , Ha^Fpa      , Ha^Fpa      , Ms          , Ms          , Ms          , Ms          , Ms          , Ms          , Ms          , Ms          , Ms          , Ms          , Ms          , Ha^Fpa      , Ms          , Ha^Fpa      , Ai          , Ha^Vhha     , Ai          , Ai          , Ha^Fpa      , Aa          , Aa          , Aa          , Ha^Fpa      , Ha^Fpa      , Ha^Fpa      , Ha^Fpa      , Ha^Fpa      , Ha^Fpa      , Ha^Fpa      , Ha^Fpa      
Ms          , Ms          , Ms          , Ha^Fpa      , Ai          , Ha^Fpa      , Ms          , Ms          , Ms          , Ms          , Ms          , Ms          , Ms          , Ms          , Ms          , Ms          , Ms          , Ms          , Ms          , Ms          , Ms          , Ms          , Ha^Fpa      , Ai          , Ha^Fpa      , Ha^Fpa      , Aa          , Aa          , Ha^Fpa      , Ha^Fpa      , Ms          , Ms          , Ms          , Ms          , Ms          , Ha^Fpa      , Ha^Fpa      , Ha^Fpa      
