border_size=1
usage=map

Ds          , Aa          , Xu          , Xu          , Xu          , Xuc         , Xu          , Xuc         , Xu          , Xu          , Xu          , Xu          , Uu          , Uu          , Urb^Br|     , Uu          , Urb         , Urb         , Uu          , Xuc         , Uu          , Uu          , Urb         , Urb         , Urb         , Urb         , Urb         , Urb         , Urb         , Urb         , Uu          , Uu          , Xuc         , Xuc         , Xuc         , Xuc         , Ss          , Wwg         , Wo          , Wo          , Wwg         , Ss          , Ss          , Ss          , Hhd         , Hhd         , Hhd         , Ha          , Ha          , Ha          
Aa          , Aa          , Xu          , Xu          , Xu          , Xu          , Xu          , Xu          , Uu          , Xu          , Cud         , Xuc         , Xuc         , Uu          , Uu^Br|      , Uu          , Urb         , Urb         , Uu          , Xuc         , Uu          , Urb         , Urb         , Urb         , Uu          , Uu          , Uu          , Uu          , Uu          , Uu          , Uu^Vu       , Xuc         , Xuc         , Xuc         , Xuc         , Ss          , Wwg         , Wwg         , Wo          , 5 Wo        , Wwg         , Ss          , Ss          , Hhd         , Mm          , Mv          , Mm          , Hhd         , Hhd         , Ha          
Cud         , Uh          , Xuc         , Xu          , Xuc         , Uu^Vu       , Uu          , Uu          , Urb         , Uu          , Cud         , 4 Kud       , Cud         , Uu          , Uu^Br|      , Uu^Vu       , Urb         , Urb         , Urb         , Uu          , Urb         , Urb         , Urb         , Uh          , Xuc         , Xuc         , Xuc         , Xuc         , Xuc         , Xuc         , Xuc         , Xuc         , Ss          , Ss          , Ss          , Ss          , Wwg         , Wo          , Wwg         , Wwg         , Ss          , Ss          , Ss          , Hhd         , Hhd         , Mm          , Mm          , Mv          , Mm          , Hhd         
Uu          , Uu          , Uu          , Xuc         , Uu          , Uu          , Urb         , Urb         , Urb         , Urb         , Urb         , Cud         , Uu          , Uu          , Urb^Br\     , Urb         , Urb         , Urb         , Urb         , Urb         , Urb         , Urb         , Sm          , Sm          , Ss          , Ss          , Ss          , Ss          , Ss          , Ss          , Ss          , Ss          , Wwg         , Wwg         , Wwg         , Wwg         , Wo          , Wo          , Wwg         , Ss^Vhs      , Ss          , Ss          , Ss          , Uh          , Uh          , Hhd         , Hhd         , Mm          , Xuc         , Hhd         
Urb         , Urb         , Urb         , Uu          , Urb         , Urb         , Urb         , Urb         , Wwf         , Urb         , Urb         , Urb         , Urb         , Urb         , Urb         , Urb^Br\     , Sm          , Sm          , Sm          , Sm          , Sm          , Sm          , Sm          , Wwf         , Wwf         , Wwf         , Wwf         , Wwf         , Ss          , Ss^Vhs      , Ss          , Ss          , Wwf         , Chw         , Khr         , Wwg         , Wwg         , Wwg         , Ss          , Wwg         , Wwg         , Wwg         , Wwg         , Ss          , Ss          , Xuc         , Xuc         , Xuc         , Ss          , Xuc         
Urb         , Urb         , Urb         , Urb         , Urb         , Urb         , Sm          , Sm          , Wwf         , Wwf         , Sm          , Sm          , Urb         , Urb         , Urb         , Sm          , Sm          , Wwf^Br\     , Ss^Br\      , Xuc         , Xuc         , Sm          , Xuc         , Sm          , Sm          , Sm          , Sm          , Wwf         , Wwf         , Ss          , Wwf         , Wwf         , Ss          , Chs         , Chs         , Ss          , Wwf         , Ss          , Sm          , Sm          , Sm          , Sm          , Sm          , Sm          , Sm          , Sm          , Sm          , Ss          , Ss^Vhs      , Ss          
Sm          , Sm          , Sm          , Urb         , Sm          , Sm          , Xos         , Sm          , Ss          , Ss          , Urb         , Sm          , Urb         , Urb         , Urb         , Urb         , Sm          , Wwf         , Ss          , Ss^Br\      , Ss          , Xuc         , Ss          , Xuc         , Xuc         , Xuc         , Xuc         , Sm          , Sm          , Wwf         , Ss          , Wwf         , Wwf         , Ss          , Ss          , Ss          , Sm          , Sm          , Uu          , Uu          , Uu          , Uu          , Uu          , Uu          , Uu          , Sm          , Uu          , Ss          , Ss          , Ss          
Xos         , Xos         , Xos         , Sm          , Xos         , Xos         , Ss          , Ss          , Urb         , Urb         , Uu          , Urb         , Uu^Vu       , Urb         , Urb         , Sm          , Wwf         , Wwf         , Ss          , Ss          , Ss          , Ss^Br\      , Ss^Br\      , Ss          , Ss          , Ss          , Ss          , Xuc         , Xuc         , Sm          , Ss          , Ss          , Wwf         , Ss          , Ss          , Sm          , Sm          , Uu          , Qxu         , Qxu         , Qxu         , Qxu         , Qxu         , Qxu         , Qxu         , Uu          , Uu          , Ss          , Ss          , Ss          
Ss          , Ss          , Ss          , Xos         , Ss          , Ss          , Urb         , Urb         , Uu          , Uu          , Xu          , Uu          , Uu          , Uu          , Uu          , Sm          , Wwf         , Wwf         , Wwf         , Wwf         , Wwf         , Wwf         , Wwf         , Ss          , Wwf         , Ss^Vhs      , Wwf         , Ss          , Ss          , Xuc         , Xuc         , Ss          , Ss          , Wwf         , Wwf         , Ss          , Ss          , Uu          , Uu          , Qxu         , Qxu         , Qxu         , Qxu         , Qxu         , Qxu         , Qxu         , Qxu         , Uu          , Ss          , Ss          
Urb         , Urb         , Urb         , Ss          , Urb         , Urb         , Uu          , Uu          , Xu          , Xu          , Xuc         , Xuc         , Xuc         , Xuc         , Xuc         , Sm          , Sm          , Sm          , Sm          , Sm          , Sm          , Wwf         , Sm          , Wwf         , Sm          , Wwf         , Sm^Br\      , Wwf         , Wwf         , Ss          , Sm          , Xu          , Xuc         , Ss          , Wwf         , Ss          , Ss^Vhs      , Ss          , Uu          , Qxu         , Qxu         , Qxu         , Qxu         , Qxu         , Qxu         , Qxu         , Qxu         , Uu          , Uu          , Ss          
Uu          , Urb         , Uu^Vu       , Urb         , Uu          , Uu          , Xu          , Xu          , Qxu         , Qxu         , Qxu         , Qxu         , Qxu         , Qxu         , Qxu         , Xuc         , Xuc         , Xuc         , Xuc         , Xuc         , Xuc         , Sm          , Xuc         , Sm          , Xuc         , Sm          , Sm          , Sm^Br\      , Sm          , Wwf         , Sm          , Sm          , Xuc         , Ss          , Wwf         , Wwf         , Ss          , Ss          , Uu          , Qxu         , Qxu         , Qxu         , Qxu         , Qxu         , Qxu         , Qxu         , Uu          , Uu          , Uu          , Ss          
Xuc         , Uu          , Uu          , Uu          , Xuc         , Xuc         , Qxu         , Qxu         , Qxu         , Qxu         , Iwr         , Qxu         , Qxu         , Qxu         , Qxu         , Qxu         , Qxu         , Qxu         , Xuc         , Hh          , Ha^Fma      , Xuc         , Ms          , Xuc         , Ha          , Xuc         , Xuc         , Sm          , Sm          , Wwf         , Ss^Br\      , Sm          , Xuc         , Ss          , Wwf         , Ss          , Ss          , Uu          , Qxu         , Qxu         , Qxu         , Qxu         , Qxu         , Qxu         , Qxu         , Qxu         , Uu          , Uu^Vu       , Uu          , Uu          
Qxu         , Xuc         , Xuc         , Xuc         , Qxu         , Qxu         , Iwr         , Iwr         , Iwr         , Iwr         , Iwr         , Iwr         , Iwr         , Iwr         , Iwr         , Qxu         , Qxu         , Qxu         , Xuc         , Hh          , Ha          , Ms          , Ha          , Ha          , Mv          , Ha          , Ha          , Xuc         , Sm          , Wwf         , Wwf         , Ss          , Xuc         , Ss          , Ss          , Wwf         , Ss          , Uu          , Uu          , Qxu         , Qxu         , Qxu         , Qxu         , Qxu         , Qxu         , Qxu         , Qxu         , Uu          , Uu          , Uu          
Qxu         , Qxu         , Qxu         , Qxu         , Iwr         , Iwr         , Cud         , Iwr         , Cud         , Iwr         , Iwr         , Iwr         , Iwr         , Iwr         , Iwr         , Iwr         , Iwr         , Qxu         , Qxu         , Xuc         , Xuc         , Ha          , Hh          , Mm          , Mm          , Mm          , Ha          , Xuc         , Sm          , Sm          , Wwf         , Ss          , Sm          , Xuc         , Ss          , Wwf         , Wwf         , Ss          , Uh          , Qxu         , Qxu         , Qxu         , Qxu         , Qxu         , Qxu         , Qxu         , Qxu         , Qxu         , Uu          , Uu          
Urb         , Qxu         , Iwr         , Iwr         , Iwr         , Iwr         , Iwr         , Iwr         , Iwr         , Iwr         , Iwr         , Iwr         , Iwr         , Iwr         , Iwr         , Iwr         , Iwr         , Iwr         , Iwr         , Qxu         , Qxu         , Xuc         , Gs^Ft       , Gs^Ft       , Gs^Ft       , Hh^Vhh      , Hh          , Xuc         , Xuc         , Sm          , Wwf         , Ss          , Ss          , Xuc         , Ss          , Ss^Br\      , Wwf^Br\     , Ss          , Ss          , Uu          , Uu          , Qxu         , Uu          , Qxu         , Qxu         , Qxu         , Uu          , Uu          , Ss          , Ss          
Uu          , Qxu^Bs\     , Iwr         , Iwr         , Iwr         , Iwr         , Iwr         , Iwr         , Iwr         , Iwr         , Qxu         , Iwr         , Iwr         , Iwr         , Iwr         , Cud         , Iwr         , Iwr         , Iwr         , Qxu         , Uu          , Uu          , Ss          , Gs^Ft       , Ss          , Gs^Ft       , Gs^Ft       , Hh          , Xuc         , Sm          , Sm          , Wwf         , Ss          , Xuc         , Xuc         , Ss          , Ss          , Wwf^Br\     , Wwf         , Ss          , Sm          , Uu          , Uu          , Uu          , Uu          , Uu          , Ss^Vhs      , Ss          , Ss          , Ss          
Urb         , Qxu         , Iwr         , Iwr         , Iwr         , Iwr         , Iwr         , Iwr         , Qxu^Bs|     , Qxu         , Qxu         , Qxu         , Qxu^Bs|     , Iwr         , Iwr         , Iwr         , Iwr         , Iwr         , Iwr         , Qxu^Bs\     , Uu          , Uh          , Ss          , Ss          , Wwg         , Ss          , Ss          , Xuc         , Sm          , Sm          , Sm          , Wwf         , Ss^Vhs      , Ss          , Xuc         , Xuc         , Ss          , Ss^Br|      , Ss          , Wwf         , Sm          , Sm          , Sm          , Sm          , Sm          , Sm          , Sm          , Ss          , Xuc         , Xuc         
Qxu         , Qxu         , Iwr         , Iwr         , Cud         , Iwr         , Iwr         , Qxu         , Cud         , Cud         , 2 Kud       , Cud         , Cud         , Qxu         , Iwr         , Iwr         , Cud         , Iwr         , Iwr         , Qxu         , Uu          , Ss          , Wwf         , Wwg         , Wwg         , Wwg         , Ss          , Ss          , Ss          , Sm          , Wwf         , Wwf         , Ss          , Ss          , Xuc         , Xuc         , Xuc         , Ss          , Xuc         , Sm          , Sm          , Wwf         , Wwf         , Wwf         , Wwf         , Wwf         , Sm          , Sm          , Xuc         , Xuc         
Urb         , Qxu         , Iwr         , Iwr         , Iwr         , Iwr         , Iwr         , Qxu         , Qxu^Bs|     , Cud         , Qxu         , Cud         , Qxu^Bs|     , Qxu         , Iwr         , Iwr         , Iwr         , Iwr         , Iwr         , Qxu         , Uu          , Ss          , Ss          , Wwf         , Wwf         , Wwf         , Wwf         , Wwf         , Ss          , Ss          , Wwf         , Ss          , Ss          , Xuc         , Xuc         , Xuc         , Wwf         , Ss^Br|      , Ss^Br\      , Xuc         , Xuc         , Sm          , Sm          , Sm          , Sm          , Sm          , Xuc         , Xuc         , Ss          , Ss          
Uu          , Qxu         , Iwr         , Iwr         , Iwr         , Iwr         , Iwr         , Iwr         , Iwr         , Qxu         , Qxu         , Qxu         , Iwr         , Iwr         , Iwr         , Iwr         , Iwr         , Iwr         , Iwr         , Qxu^Bs/     , Uu          , Ss          , Wwf         , Wwf         , Ss          , Ss          , Cud         , Cud         , Cud         , Wwf         , Ss          , Ss          , Xuc         , Xuc         , Xuc         , Kud         , Xuc         , Wwf         , Wwf         , Uu^Br\      , Uu^Br\      , Xuc         , Xuc         , Xuc         , Xuc         , Xuc         , Ss          , Ss          , Ss          , Ss          
Urb         , Qxu^Bs/     , Iwr         , Iwr         , Iwr         , Iwr         , Iwr         , Iwr         , Iwr         , Iwr         , Iwr         , Iwr         , Iwr         , Iwr         , Iwr         , Cud         , Iwr         , Iwr         , Iwr         , Qxu         , Uu          , Ss          , Ss          , Wwf         , Ss          , Wwf         , Cud         , 3 Kud       , Cud         , Wwf         , Ss          , Ss          , Xuc         , Xuc         , Xuc         , Cud         , Xuc         , Ss          , Ss          , Wwf         , Ss          , Ss          , Ss          , Ss          , Ss          , Ss          , Ss^Vm       , Wwg         , Wwg         , Wwg         
Uu          , Qxu         , Qxu         , Iwr         , Iwr         , Iwr         , Cud         , Iwr         , Cud         , Iwr         , Iwr         , Iwr         , Iwr         , Iwr         , Iwr         , Iwr         , Iwr         , Iwr         , Qxu         , Qxu         , Qxu         , Uu          , Ss          , Wwf         , Wwf         , Wwf         , Ss          , Cud         , Wwf         , Ss          , Sm          , Sm          , Xuc         , Xuc         , Urb         , Urb         , Urb         , Xuc         , Ss          , Wwf         , 1 Wwf       , Ss          , Ss          , Ss^Br\      , Ss          , Ss          , Wwf         , Wwg         , Wwf         , Wwf         
Uu          , Uu          , Qxu         , Qxu         , Qxu         , Iwr         , Iwr         , Iwr         , Iwr         , Iwr         , Iwr         , Iwr         , Iwr         , Iwr         , Iwr         , Iwr         , Qxu         , Qxu         , Qxu         , Qxu         , Uu          , Uu          , Uu          , Ss          , Wwf         , Ss          , Ss          , Ss          , Wwf         , Ss          , Sm          , Xuc         , Xuc         , Xuc         , Urb         , Urb         , Urb         , Xuc         , Ss          , Ss          , Wwf         , Ss          , Wwg         , Ss          , Wwf         , Wwf         , Ss          , Wwf         , Ss          , Ss          
Uu          , Qxu         , Uu          , Qxu         , Qxu         , Qxu         , Qxu         , Iwr         , Qxu         , Iwr         , Iwr         , Iwr         , Qxu         , Iwr         , Qxu         , Qxu         , Qxu         , Qxu         , Qxu         , Qxu         , Uu          , Uu^Vu       , Uu          , Ss          , Wwf         , Wwf         , Wwf         , Wwf         , Ss          , Ss          , Sm          , Xuc         , Xuc         , Xuc         , Xuc         , Urb         , Xuc         , Xuc         , Xuc         , Ss          , Ss          , Wwf         , Wwf         , Wwf         , Ss          , Ss          , Sm          , Ss^Br\      , Sm^Br\      , Sm          
Uu          , Uu          , Uu          , Qxu         , Xuc         , Qxu         , Qxu         , Qxu         , Qxu         , Qxu         , Qxu^Bs|     , Qxu         , Qxu         , Qxu         , Qxu         , Qxu         , Uu          , Uu          , Uu          , Uu          , Ss          , Uu          , Ss          , Ss          , Wwf         , Ss          , Ss          , Ss          , Ss^Vm       , Ss          , Sm          , Xuc         , Xuc         , Uu^Uf       , Uu          , Xuc         , Uu          , Uh          , Xuc         , Ss          , Ss          , Ss          , Ss^Vhs      , Ss          , Ss          , Sm          , Sm          , Sm          , Sm          , Sm          
Uu          , Uu^Vu       , Uu          , Uu          , Xuc         , Xuc         , Xuc         , Xuc         , Xuc         , Qxu         , Urb         , Qxu         , Qxu         , Qxu         , Qxu         , Uu          , Uu^Vu       , Uu          , Ss          , Ss          , Wwf         , Ss          , Wwf         , Wwf         , Ss          , Ss          , Wwf         , Ss          , Ss          , Ss          , Xuc         , Xuc         , Xuc         , Uu          , Uu^Vu       , Uu          , Uu          , Uu          , Xuc         , Sm          , Sm          , Ss          , Sm          , Ss          , Xuc         , Sm          , Xuc         , Xuc         , Xuc         , Xuc         
Urb         , Uu          , Uu          , Uu          , Xuc         , Xuc         , Qxu         , Cud         , Qxu         , Xuc         , Urb         , Xuc         , Qxu         , Qxu         , Uu          , Uu          , Uu          , Uu          , Uu          , Ss          , Ss          , Wwf         , Ss          , Wwf         , Wwf         , Wwf         , Ss          , Wwf         , Wwf         , Ss          , Sm          , Xuc         , Xuc         , Uu          , Uu          , Uu          , Uu          , Uu          , Xuc         , Xuc         , Xuc         , Sm          , Xuc         , Sm          , Xuc         , Xuc         , Xuc         , Xuc         , Xuc         , Xuc         
Urb         , Urb         , Urb         , Urb         , Urb         , Qxu         , Urb         , Qxu^Bs|     , Urb         , Urb         , Urb         , Xuc         , Xuc         , Qxu         , Qxu         , Qxu         , Uu          , Uu          , Uu^Uf       , Uh          , Uh          , Ss          , Ss          , Ss          , Ss          , Ss          , Ss          , Ss          , Wwf         , Ss          , Sm          , Xuc         , Xuc         , Xuc         , Xuc         , Xuc         , Xuc         , Xuc         , Xuc         , Xuc         , Xuc         , Xuc         , Xuc         , Xuc         , Xuc         , Xuc         , Xuc         , Xuc         , Xuc         , Xuc         
